#
# There is insufficient memory for the Java Runtime Environment to continue.
# Native memory allocation (malloc) failed to allocate 255392 bytes. Error detail: Chunk::new
# Possible reasons:
#   The system is out of physical RAM or swap space
#   This process is running with CompressedOops enabled, and the Java Heap may be blocking the growth of the native heap
# Possible solutions:
#   Reduce memory load on the system
#   Increase physical memory or swap space
#   Check if swap backing store is full
#   Decrease Java heap size (-Xmx/-Xms)
#   Decrease number of Java threads
#   Decrease Java thread stack sizes (-Xss)
#   Set larger code cache with -XX:ReservedCodeCacheSize=
#   JVM is running with Zero Based Compressed Oops mode in which the Java heap is
#     placed in the first 32GB address space. The Java Heap base address is the
#     maximum limit for the native heap growth. Please use -XX:HeapBaseMinAddress
#     to set the Java Heap base and to place the Java Heap above 32GB virtual address.
# This output file may be truncated or incomplete.
#
#  Out of Memory Error (arena.cpp:168), pid=24020, tid=25204
#
# JRE version: OpenJDK Runtime Environment (21.0.10) (build 21.0.10+-14961533-b1163.108)
# Java VM: OpenJDK 64-Bit Server VM (21.0.10+-14961533-b1163.108, mixed mode, tiered, compressed oops, compressed class ptrs, g1 gc, windows-amd64)
# No core dump will be written. Minidumps are not enabled by default on client versions of Windows
#

---------------  S U M M A R Y ------------

Command Line: org.jetbrains.kotlin.cli.jvm.K2JVMCompiler @D:\JP SITEPLUS\mobile-engineer\build\in_app_update\20260912_14449090914805045670.compiler.options

Host: 12th Gen Intel(R) Core(TM) i5-12500H, 16 cores, 15G,  Windows 11 , 64 bit Build 26100 (10.0.26100.9444)
Time: Sat Sep 12 15:39:06 2026 India Standard Time elapsed time: 32.936745 seconds (0d 0h 0m 32s)

---------------  T H R E A D  ---------------

Current thread (0x000001f29e0f68c0):  JavaThread "C2 CompilerThread0" daemon [_thread_in_native, id=25204, stack(0x000000e52bd00000,0x000000e52be00000) (1024K)]


Current CompileTask:
C2:32936 7135       4       org.jetbrains.kotlin.types.model.TypeSystemContext::typeConstructor (32 bytes)

Stack: [0x000000e52bd00000,0x000000e52be00000]
Native frames: (J=compiled Java code, j=interpreted, Vv=VM code, C=native code)
V  [jvm.dll+0x6d78a9]
V  [jvm.dll+0x8665b3]
V  [jvm.dll+0x868bde]
V  [jvm.dll+0x8692c3]
V  [jvm.dll+0x280ee6]
V  [jvm.dll+0xc07cd]
V  [jvm.dll+0xc0d03]
V  [jvm.dll+0x3ba0cb]
V  [jvm.dll+0x385df7]
V  [jvm.dll+0x38526a]
V  [jvm.dll+0x249bd2]
V  [jvm.dll+0x2491a1]
V  [jvm.dll+0x1c76e4]
V  [jvm.dll+0x25891e]
V  [jvm.dll+0x256e66]
V  [jvm.dll+0x3f513e]
V  [jvm.dll+0x80fd28]
V  [jvm.dll+0x6d60fd]
C  [ucrtbase.dll+0x2cd30]
C  [KERNEL32.DLL+0x2cd87]
C  [ntdll.dll+0xacaec]


---------------  P R O C E S S  ---------------

Threads class SMR info:
_java_thread_list=0x000001f2a2fb3c40, length=16, elements={
0x000001f2ff2af570, 0x000001f29e0ac1a0, 0x000001f29e0afcd0, 0x000001f29e0e1080,
0x000001f29e0f2530, 0x000001f29e0f2f90, 0x000001f29e0f4560, 0x000001f29e0f5b30,
0x000001f29e0f68c0, 0x000001f29e0eff30, 0x000001f29e2ab8c0, 0x000001f29f918390,
0x000001f2a2981d40, 0x000001f2a2982410, 0x000001f2a2984620, 0x000001f2a2982ae0
}

Java Threads: ( => current thread )
  0x000001f2ff2af570 JavaThread "main"                              [_thread_in_vm, id=1676, stack(0x000000e52ae00000,0x000000e52af00000) (1024K)]
  0x000001f29e0ac1a0 JavaThread "Common-Cleaner"             daemon [_thread_blocked, id=20028, stack(0x000000e52b600000,0x000000e52b700000) (1024K)]
  0x000001f29e0afcd0 JavaThread "Reference Handler"          daemon [_thread_blocked, id=21224, stack(0x000000e52b700000,0x000000e52b800000) (1024K)]
  0x000001f29e0e1080 JavaThread "Finalizer"                  daemon [_thread_blocked, id=16224, stack(0x000000e52b800000,0x000000e52b900000) (1024K)]
  0x000001f29e0f2530 JavaThread "Signal Dispatcher"          daemon [_thread_blocked, id=8300, stack(0x000000e52b900000,0x000000e52ba00000) (1024K)]
  0x000001f29e0f2f90 JavaThread "Attach Listener"            daemon [_thread_blocked, id=17464, stack(0x000000e52ba00000,0x000000e52bb00000) (1024K)]
  0x000001f29e0f4560 JavaThread "Service Thread"             daemon [_thread_blocked, id=23956, stack(0x000000e52bb00000,0x000000e52bc00000) (1024K)]
  0x000001f29e0f5b30 JavaThread "Monitor Deflation Thread"   daemon [_thread_blocked, id=9616, stack(0x000000e52bc00000,0x000000e52bd00000) (1024K)]
=>0x000001f29e0f68c0 JavaThread "C2 CompilerThread0"         daemon [_thread_in_native, id=25204, stack(0x000000e52bd00000,0x000000e52be00000) (1024K)]
  0x000001f29e0eff30 JavaThread "C1 CompilerThread0"         daemon [_thread_in_native, id=10016, stack(0x000000e52be00000,0x000000e52bf00000) (1024K)]
  0x000001f29e2ab8c0 JavaThread "Notification Thread"        daemon [_thread_blocked, id=10236, stack(0x000000e52c000000,0x000000e52c100000) (1024K)]
  0x000001f29f918390 JavaThread "C1 CompilerThread1"         daemon [_thread_blocked, id=4392, stack(0x000000e52ad00000,0x000000e52ae00000) (1024K)]
  0x000001f2a2981d40 JavaThread "C1 CompilerThread2"         daemon [_thread_blocked, id=24624, stack(0x000000e52c800000,0x000000e52c900000) (1024K)]
  0x000001f2a2982410 JavaThread "C1 CompilerThread3"         daemon [_thread_blocked, id=4268, stack(0x000000e52cf00000,0x000000e52d000000) (1024K)]
  0x000001f2a2984620 JavaThread "C2 CompilerThread1"         daemon [_thread_in_vm, id=6920, stack(0x000000e52bf00000,0x000000e52c000000) (1024K)]
  0x000001f2a2982ae0 JavaThread "C2 CompilerThread2"         daemon [_thread_in_vm, id=17820, stack(0x000000e52c200000,0x000000e52c300000) (1024K)]
Total: 16

Other Threads:
  0x000001f29e02a6e0 VMThread "VM Thread"                           [id=13356, stack(0x000000e52b500000,0x000000e52b600000) (1024K)]
  0x000001f29983b380 WatcherThread "VM Periodic Task Thread"        [id=13552, stack(0x000000e52b400000,0x000000e52b500000) (1024K)]
  0x000001f2ff312950 WorkerThread "GC Thread#0"                     [id=19628, stack(0x000000e52af00000,0x000000e52b000000) (1024K)]
  0x000001f29e02aa90 WorkerThread "GC Thread#1"                     [id=3288, stack(0x000000e52c300000,0x000000e52c400000) (1024K)]
  0x000001f29e029bd0 WorkerThread "GC Thread#2"                     [id=26256, stack(0x000000e52c400000,0x000000e52c500000) (1024K)]
  0x000001f29e02ae40 WorkerThread "GC Thread#3"                     [id=20356, stack(0x000000e52c500000,0x000000e52c600000) (1024K)]
  0x000001f29e02b1f0 WorkerThread "GC Thread#4"                     [id=13500, stack(0x000000e52c600000,0x000000e52c700000) (1024K)]
  0x000001f29e029f80 WorkerThread "GC Thread#5"                     [id=10096, stack(0x000000e52c700000,0x000000e52c800000) (1024K)]
  0x000001f29ee66510 WorkerThread "GC Thread#6"                     [id=21256, stack(0x000000e52c900000,0x000000e52ca00000) (1024K)]
  0x000001f29ee64030 WorkerThread "GC Thread#7"                     [id=8560, stack(0x000000e52ca00000,0x000000e52cb00000) (1024K)]
  0x000001f29ee66c70 WorkerThread "GC Thread#8"                     [id=25532, stack(0x000000e52cb00000,0x000000e52cc00000) (1024K)]
  0x000001f29ee67b30 WorkerThread "GC Thread#9"                     [id=17360, stack(0x000000e52c100000,0x000000e52c200000) (1024K)]
  0x000001f29ee64b40 WorkerThread "GC Thread#10"                    [id=3664, stack(0x000000e52ce00000,0x000000e52cf00000) (1024K)]
  0x000001f29ee65650 WorkerThread "GC Thread#11"                    [id=456, stack(0x000000e52d500000,0x000000e52d600000) (1024K)]
  0x000001f2a07308a0 WorkerThread "GC Thread#12"                    [id=15124, stack(0x000000e52d600000,0x000000e52d700000) (1024K)]
  0x000001f2ff324da0 ConcurrentGCThread "G1 Main Marker"            [id=12588, stack(0x000000e52b000000,0x000000e52b100000) (1024K)]
  0x000001f2ff326050 WorkerThread "G1 Conc#0"                       [id=24332, stack(0x000000e52b100000,0x000000e52b200000) (1024K)]
  0x000001f29ee643e0 WorkerThread "G1 Conc#1"                       [id=792, stack(0x000000e52cc00000,0x000000e52cd00000) (1024K)]
  0x000001f29ee67020 WorkerThread "G1 Conc#2"                       [id=21984, stack(0x000000e52cd00000,0x000000e52ce00000) (1024K)]
  0x000001f29970d0f0 ConcurrentGCThread "G1 Refine#0"               [id=14712, stack(0x000000e52b200000,0x000000e52b300000) (1024K)]
  0x000001f29970e930 ConcurrentGCThread "G1 Service"                [id=27428, stack(0x000000e52b300000,0x000000e52b400000) (1024K)]
Total: 21

Threads with active compile tasks:
C2 CompilerThread0  32966 7135       4       org.jetbrains.kotlin.types.model.TypeSystemContext::typeConstructor (32 bytes)
C1 CompilerThread0  32966 7170       3       org.jetbrains.kotlin.fir.declarations.DeprecationUtilsKt::extractDeprecationAnnotationInfoPerUseSite (1240 bytes)
C1 CompilerThread1  32966 7176       3       org.jetbrains.kotlin.load.kotlin.FileBasedKotlinClass$4::visitMethod (61 bytes)
C1 CompilerThread3  32966 7177       1       org.jetbrains.kotlin.fir.declarations.impl.FirBackingFieldImpl::getOrigin (5 bytes)
C2 CompilerThread1  32966 7167   !   4       org.jetbrains.kotlin.metadata.ProtoBuf$Type::<init> (875 bytes)
C2 CompilerThread2  32966 7152       4       org.jetbrains.kotlin.protobuf.CodedOutputStream::refreshBuffer (37 bytes)
Total: 6

VM state: not at safepoint (normal execution)

VM Mutex/Monitor currently owned by a thread:  ([mutex/lock_event])
[0x00007ffaeb7f70d0] MethodCompileQueue_lock - owner thread: 0x000001f29f918390
[0x00007ffaeb7f85d0] CodeCache_lock - owner thread: 0x0000000000000000

Heap address: 0x0000000705e00000, size: 4002 MB, Compressed Oops mode: Zero based, Oop shift amount: 3

CDS archive(s) not mapped
Compressed class space mapped at: 0x0000000800000000-0x0000000840000000, reserved size: 1073741824
Narrow klass base: 0x0000000800000000, Narrow klass shift: 0, Narrow klass range: 0x40000000

GC Precious Log:
 CardTable entry size: 512
 Card Set container configuration: InlinePtr #cards 4 size 8 Array Of Cards #cards 16 size 48 Howl #buckets 8 coarsen threshold 3686 Howl Bitmap #cards 512 size 80 coarsen threshold 460 Card regions per heap region 1 cards per card region 4096
 CPUs: 16 total, 16 available
 Memory: 16004M
 Large Page Support: Disabled
 NUMA Support: Disabled
 Compressed Oops: Enabled (Zero based)
 Heap Region Size: 2M
 Heap Min Capacity: 8M
 Heap Initial Capacity: 252M
 Heap Max Capacity: 4002M
 Pre-touch: Disabled
 Parallel Workers: 13
 Concurrent Workers: 3
 Concurrent Refinement Workers: 13
 Periodic GC: Disabled

Heap:
 garbage-first heap   total 92160K, used 67417K [0x0000000705e00000, 0x0000000800000000)
  region size 2048K, 11 young (22528K), 2 survivors (4096K)
 Metaspace       used 71775K, committed 72064K, reserved 1114112K
  class space    used 8173K, committed 8256K, reserved 1048576K

Heap Regions: E=young(eden), S=young(survivor), O=old, HS=humongous(starts), HC=humongous(continues), CS=collection set, F=free, TAMS=top-at-mark-start, PB=parsable bottom
|   0|0x0000000705e00000, 0x0000000706000000, 0x0000000706000000|100%|HS|  |TAMS 0x0000000705e00000| PB 0x0000000705e00000| Complete 
|   1|0x0000000706000000, 0x0000000706200000, 0x0000000706200000|100%|HC|  |TAMS 0x0000000706000000| PB 0x0000000706000000| Complete 
|   2|0x0000000706200000, 0x0000000706400000, 0x0000000706400000|100%| O|  |TAMS 0x0000000706200000| PB 0x0000000706200000| Untracked 
|   3|0x0000000706400000, 0x0000000706600000, 0x0000000706600000|100%| O|  |TAMS 0x0000000706400000| PB 0x0000000706400000| Untracked 
|   4|0x0000000706600000, 0x0000000706800000, 0x0000000706800000|100%| O|  |TAMS 0x0000000706600000| PB 0x0000000706600000| Untracked 
|   5|0x0000000706800000, 0x0000000706a00000, 0x0000000706a00000|100%| O|  |TAMS 0x0000000706800000| PB 0x0000000706800000| Untracked 
|   6|0x0000000706a00000, 0x0000000706c00000, 0x0000000706c00000|100%| O|  |TAMS 0x0000000706a00000| PB 0x0000000706a00000| Untracked 
|   7|0x0000000706c00000, 0x0000000706e00000, 0x0000000706e00000|100%| O|  |TAMS 0x0000000706c00000| PB 0x0000000706c00000| Untracked 
|   8|0x0000000706e00000, 0x0000000707000000, 0x0000000707000000|100%| O|  |TAMS 0x0000000706e00000| PB 0x0000000706e00000| Untracked 
|   9|0x0000000707000000, 0x0000000707200000, 0x0000000707200000|100%| O|  |TAMS 0x0000000707000000| PB 0x0000000707000000| Untracked 
|  10|0x0000000707200000, 0x0000000707400000, 0x0000000707400000|100%| O|  |TAMS 0x0000000707200000| PB 0x0000000707200000| Untracked 
|  11|0x0000000707400000, 0x0000000707600000, 0x0000000707600000|100%| O|  |TAMS 0x0000000707400000| PB 0x0000000707400000| Untracked 
|  12|0x0000000707600000, 0x0000000707800000, 0x0000000707800000|100%| O|  |TAMS 0x0000000707600000| PB 0x0000000707600000| Untracked 
|  13|0x0000000707800000, 0x0000000707a00000, 0x0000000707a00000|100%| O|  |TAMS 0x0000000707800000| PB 0x0000000707800000| Untracked 
|  14|0x0000000707a00000, 0x0000000707c00000, 0x0000000707c00000|100%| O|  |TAMS 0x0000000707a00000| PB 0x0000000707a00000| Untracked 
|  15|0x0000000707c00000, 0x0000000707e00000, 0x0000000707e00000|100%| O|  |TAMS 0x0000000707c00000| PB 0x0000000707c00000| Untracked 
|  16|0x0000000707e00000, 0x0000000708000000, 0x0000000708000000|100%| O|  |TAMS 0x0000000707e00000| PB 0x0000000707e00000| Untracked 
|  17|0x0000000708000000, 0x0000000708200000, 0x0000000708200000|100%| O|  |TAMS 0x0000000708000000| PB 0x0000000708000000| Untracked 
|  18|0x0000000708200000, 0x0000000708400000, 0x0000000708400000|100%| O|  |TAMS 0x0000000708200000| PB 0x0000000708200000| Untracked 
|  19|0x0000000708400000, 0x0000000708600000, 0x0000000708600000|100%| O|  |TAMS 0x0000000708400000| PB 0x0000000708400000| Untracked 
|  20|0x0000000708600000, 0x0000000708800000, 0x0000000708800000|100%| O|  |TAMS 0x0000000708600000| PB 0x0000000708600000| Untracked 
|  21|0x0000000708800000, 0x00000007088ac988, 0x0000000708a00000| 33%| O|  |TAMS 0x0000000708800000| PB 0x0000000708800000| Untracked 
|  22|0x0000000708a00000, 0x0000000708a00000, 0x0000000708c00000|  0%| F|  |TAMS 0x0000000708a00000| PB 0x0000000708a00000| Untracked 
|  23|0x0000000708c00000, 0x0000000708c00000, 0x0000000708e00000|  0%| F|  |TAMS 0x0000000708c00000| PB 0x0000000708c00000| Untracked 
|  24|0x0000000708e00000, 0x0000000708e00000, 0x0000000709000000|  0%| F|  |TAMS 0x0000000708e00000| PB 0x0000000708e00000| Untracked 
|  25|0x0000000709000000, 0x0000000709000000, 0x0000000709200000|  0%| F|  |TAMS 0x0000000709000000| PB 0x0000000709000000| Untracked 
|  26|0x0000000709200000, 0x0000000709200000, 0x0000000709400000|  0%| F|  |TAMS 0x0000000709200000| PB 0x0000000709200000| Untracked 
|  27|0x0000000709400000, 0x0000000709400000, 0x0000000709600000|  0%| F|  |TAMS 0x0000000709400000| PB 0x0000000709400000| Untracked 
|  28|0x0000000709600000, 0x0000000709729ba0, 0x0000000709800000| 58%| S|CS|TAMS 0x0000000709600000| PB 0x0000000709600000| Complete 
|  29|0x0000000709800000, 0x0000000709a00000, 0x0000000709a00000|100%| S|CS|TAMS 0x0000000709800000| PB 0x0000000709800000| Complete 
|  30|0x0000000709a00000, 0x0000000709a00000, 0x0000000709c00000|  0%| F|  |TAMS 0x0000000709a00000| PB 0x0000000709a00000| Untracked 
|  31|0x0000000709c00000, 0x0000000709c00000, 0x0000000709e00000|  0%| F|  |TAMS 0x0000000709c00000| PB 0x0000000709c00000| Untracked 
|  32|0x0000000709e00000, 0x0000000709e00000, 0x000000070a000000|  0%| F|  |TAMS 0x0000000709e00000| PB 0x0000000709e00000| Untracked 
|  33|0x000000070a000000, 0x000000070a000000, 0x000000070a200000|  0%| F|  |TAMS 0x000000070a000000| PB 0x000000070a000000| Untracked 
|  34|0x000000070a200000, 0x000000070a400000, 0x000000070a400000|100%| E|  |TAMS 0x000000070a200000| PB 0x000000070a200000| Complete 
|  35|0x000000070a400000, 0x000000070a600000, 0x000000070a600000|100%| E|CS|TAMS 0x000000070a400000| PB 0x000000070a400000| Complete 
|  36|0x000000070a600000, 0x000000070a800000, 0x000000070a800000|100%| E|CS|TAMS 0x000000070a600000| PB 0x000000070a600000| Complete 
|  37|0x000000070a800000, 0x000000070aa00000, 0x000000070aa00000|100%| E|CS|TAMS 0x000000070a800000| PB 0x000000070a800000| Complete 
|  38|0x000000070aa00000, 0x000000070ac00000, 0x000000070ac00000|100%| E|CS|TAMS 0x000000070aa00000| PB 0x000000070aa00000| Complete 
|  39|0x000000070ac00000, 0x000000070ae00000, 0x000000070ae00000|100%| E|CS|TAMS 0x000000070ac00000| PB 0x000000070ac00000| Complete 
|  40|0x000000070ae00000, 0x000000070b000000, 0x000000070b000000|100%| E|CS|TAMS 0x000000070ae00000| PB 0x000000070ae00000| Complete 
|  41|0x000000070b000000, 0x000000070b200000, 0x000000070b200000|100%| E|CS|TAMS 0x000000070b000000| PB 0x000000070b000000| Complete 
| 125|0x0000000715800000, 0x0000000715a00000, 0x0000000715a00000|100%| E|CS|TAMS 0x0000000715800000| PB 0x0000000715800000| Complete 
|1999|0x00000007ffc00000, 0x00000007ffe00000, 0x00000007ffe00000|100%| O|  |TAMS 0x00000007ffc00000| PB 0x00000007ffc00000| Untracked 
|2000|0x00000007ffe00000, 0x0000000800000000, 0x0000000800000000|100%| O|  |TAMS 0x00000007ffe00000| PB 0x00000007ffe00000| Untracked 

Card table byte_map: [0x000001f292880000,0x000001f293060000] _byte_map_base: 0x000001f28f051000

Marking Bits: (CMBitMap*) 0x000001f2ff313c70
 Bits: [0x000001f293060000, 0x000001f296ee8000)

Polling page: 0x000001f2fd090000

Metaspace:

Usage:
  Non-class:     62.11 MB used.
      Class:      7.98 MB used.
       Both:     70.09 MB used.

Virtual space:
  Non-class space:       64.00 MB reserved,      62.31 MB ( 97%) committed,  1 nodes.
      Class space:        1.00 GB reserved,       8.06 MB ( <1%) committed,  1 nodes.
             Both:        1.06 GB reserved,      70.38 MB (  6%) committed. 

Chunk freelists:
   Non-Class:  1.66 MB
       Class:  7.94 MB
        Both:  9.59 MB

MaxMetaspaceSize: unlimited
CompressedClassSpaceSize: 1.00 GB
Initial GC threshold: 21.00 MB
Current GC threshold: 71.38 MB
CDS: off
 - commit_granule_bytes: 65536.
 - commit_granule_words: 8192.
 - virtual_space_node_default_size: 8388608.
 - enlarge_chunks_in_place: 1.
 - use_allocation_guard: 0.


Internal statistics:

num_allocs_failed_limit: 6.
num_arena_births: 308.
num_arena_deaths: 0.
num_vsnodes_births: 2.
num_vsnodes_deaths: 0.
num_space_committed: 1126.
num_space_uncommitted: 0.
num_chunks_returned_to_freelist: 6.
num_chunks_taken_from_freelist: 2460.
num_chunk_merges: 6.
num_chunk_splits: 2092.
num_chunks_enlarged: 1912.
num_inconsistent_stats: 0.

CodeHeap 'non-profiled nmethods': size=119168Kb used=3371Kb max_used=3371Kb free=115796Kb
 bounds [0x000001f28ac40000, 0x000001f28af90000, 0x000001f2920a0000]
CodeHeap 'profiled nmethods': size=119104Kb used=20798Kb max_used=20798Kb free=98305Kb
 bounds [0x000001f2830a0000, 0x000001f2844f0000, 0x000001f28a4f0000]
CodeHeap 'non-nmethods': size=7488Kb used=3356Kb max_used=3447Kb free=4131Kb
 bounds [0x000001f28a4f0000, 0x000001f28a890000, 0x000001f28ac40000]
CodeCache: size=245760Kb, used=27525Kb, max_used=27616Kb, free=218232Kb
 total_blobs=7689, nmethods=6876, adapters=713, full_count=0
Compilation: enabled, stopped_count=0, restarted_count=0

Compilation events (20 events):
Event: 32.923 Thread 0x000001f29f918390 7143       3       org.jetbrains.kotlin.ir.visitors.IrVisitorVoid::visitExpression (16 bytes)
Event: 32.923 Thread 0x000001f29e0eff30 nmethod 7141 0x000001f2844c0210 code [0x000001f2844c04c0, 0x000001f2844c0f90]
Event: 32.924 Thread 0x000001f2a2982410 nmethod 7142 0x000001f2844c1390 code [0x000001f2844c1640, 0x000001f2844c2210]
Event: 32.924 Thread 0x000001f29e0eff30 7144       3       org.jetbrains.kotlin.ir.declarations.IrSimpleFunction::<init> (6 bytes)
Event: 32.924 Thread 0x000001f29f918390 nmethod 7143 0x000001f2844c2690 code [0x000001f2844c29c0, 0x000001f2844c3a48]
Event: 32.924 Thread 0x000001f2a2982410 7145       3       org.jetbrains.kotlin.ir.declarations.IrDeclarationOrigin$Companion::getFAKE_OVERRIDE (18 bytes)
Event: 32.924 Thread 0x000001f29f918390 7146       1       org.jetbrains.kotlin.ir.declarations.impl.IrClassImpl::isExternal (5 bytes)
Event: 32.924 Thread 0x000001f29e0eff30 nmethod 7144 0x000001f2844c4010 code [0x000001f2844c4200, 0x000001f2844c4798]
Event: 32.924 Thread 0x000001f29f918390 nmethod 7146 0x000001f28af86910 code [0x000001f28af86aa0, 0x000001f28af86b70]
Event: 32.925 Thread 0x000001f29f918390 7147       1       org.jetbrains.kotlin.ir.overrides.IrFakeOverrideBuilder$FakeOverride::getOriginal (5 bytes)
Event: 32.925 Thread 0x000001f29f918390 nmethod 7147 0x000001f28af86c10 code [0x000001f28af86da0, 0x000001f28af86e70]
Event: 32.925 Thread 0x000001f29f918390 7148       3       org.jetbrains.kotlin.ir.visitors.IrVisitorVoid::visitDeclarationReference (16 bytes)
Event: 32.925 Thread 0x000001f2a2982410 nmethod 7145 0x000001f2844c4990 code [0x000001f2844c4bc0, 0x000001f2844c5248]
Event: 32.925 Thread 0x000001f29e0eff30 7149       3       org.jetbrains.kotlin.ir.IrElementBase::acceptChildren (7 bytes)
Event: 32.926 Thread 0x000001f2a2982410 7150       3       org.jetbrains.kotlin.ir.visitors.IrVisitorVoid::visitDeclaration (15 bytes)
Event: 32.926 Thread 0x000001f29e0eff30 nmethod 7149 0x000001f2844c5510 code [0x000001f2844c5720, 0x000001f2844c5cb0]
Event: 32.926 Thread 0x000001f29e0eff30 7151       1       org.jetbrains.kotlin.ir.declarations.impl.IrValueParameterImpl::getDefaultValue (5 bytes)
Event: 32.926 Thread 0x000001f29e0eff30 nmethod 7151 0x000001f28af86f10 code [0x000001f28af870a0, 0x000001f28af87170]
Event: 32.927 Thread 0x000001f29f918390 nmethod 7148 0x000001f2844c5f10 code [0x000001f2844c62c0, 0x000001f2844c77b8]
Event: 32.927 Thread 0x000001f2a2982410 nmethod 7150 0x000001f2844c7f10 code [0x000001f2844c8240, 0x000001f2844c92c8]

GC Heap History (20 events):
Event: 4.016 GC heap before
{Heap before GC invocations=3 (full 0):
 garbage-first heap   total 34816K, used 34532K [0x0000000705e00000, 0x0000000800000000)
  region size 2048K, 15 young (30720K), 3 survivors (6144K)
 Metaspace       used 30075K, committed 30272K, reserved 1114112K
  class space    used 3862K, committed 3968K, reserved 1048576K
}
Event: 4.027 GC heap after
{Heap after GC invocations=4 (full 0):
 garbage-first heap   total 43008K, used 11415K [0x0000000705e00000, 0x0000000800000000)
  region size 2048K, 4 young (8192K), 4 survivors (8192K)
 Metaspace       used 30075K, committed 30272K, reserved 1114112K
  class space    used 3862K, committed 3968K, reserved 1048576K
}
Event: 4.803 GC heap before
{Heap before GC invocations=4 (full 0):
 garbage-first heap   total 43008K, used 27799K [0x0000000705e00000, 0x0000000800000000)
  region size 2048K, 12 young (24576K), 4 survivors (8192K)
 Metaspace       used 32248K, committed 32512K, reserved 1114112K
  class space    used 4146K, committed 4288K, reserved 1048576K
}
Event: 4.820 GC heap after
{Heap after GC invocations=5 (full 0):
 garbage-first heap   total 43008K, used 14465K [0x0000000705e00000, 0x0000000800000000)
  region size 2048K, 2 young (4096K), 2 survivors (4096K)
 Metaspace       used 32248K, committed 32512K, reserved 1114112K
  class space    used 4146K, committed 4288K, reserved 1048576K
}
Event: 5.678 GC heap before
{Heap before GC invocations=5 (full 0):
 garbage-first heap   total 43008K, used 28801K [0x0000000705e00000, 0x0000000800000000)
  region size 2048K, 10 young (20480K), 2 survivors (4096K)
 Metaspace       used 35739K, committed 35968K, reserved 1114112K
  class space    used 4537K, committed 4672K, reserved 1048576K
}
Event: 5.693 GC heap after
{Heap after GC invocations=6 (full 0):
 garbage-first heap   total 43008K, used 17217K [0x0000000705e00000, 0x0000000800000000)
  region size 2048K, 2 young (4096K), 2 survivors (4096K)
 Metaspace       used 35739K, committed 35968K, reserved 1114112K
  class space    used 4537K, committed 4672K, reserved 1048576K
}
Event: 6.402 GC heap before
{Heap before GC invocations=7 (full 0):
 garbage-first heap   total 43008K, used 31553K [0x0000000705e00000, 0x0000000800000000)
  region size 2048K, 9 young (18432K), 2 survivors (4096K)
 Metaspace       used 38875K, committed 39104K, reserved 1114112K
  class space    used 4905K, committed 4992K, reserved 1048576K
}
Event: 6.411 GC heap after
{Heap after GC invocations=8 (full 0):
 garbage-first heap   total 43008K, used 18580K [0x0000000705e00000, 0x0000000800000000)
  region size 2048K, 1 young (2048K), 1 survivors (2048K)
 Metaspace       used 38875K, committed 39104K, reserved 1114112K
  class space    used 4905K, committed 4992K, reserved 1048576K
}
Event: 6.802 GC heap before
{Heap before GC invocations=8 (full 0):
 garbage-first heap   total 43008K, used 32916K [0x0000000705e00000, 0x0000000800000000)
  region size 2048K, 8 young (16384K), 1 survivors (2048K)
 Metaspace       used 40602K, committed 40896K, reserved 1114112K
  class space    used 5075K, committed 5184K, reserved 1048576K
}
Event: 6.812 GC heap after
{Heap after GC invocations=9 (full 0):
 garbage-first heap   total 43008K, used 21544K [0x0000000705e00000, 0x0000000800000000)
  region size 2048K, 1 young (2048K), 1 survivors (2048K)
 Metaspace       used 40602K, committed 40896K, reserved 1114112K
  class space    used 5075K, committed 5184K, reserved 1048576K
}
Event: 7.248 GC heap before
{Heap before GC invocations=9 (full 0):
 garbage-first heap   total 43008K, used 31784K [0x0000000705e00000, 0x0000000800000000)
  region size 2048K, 7 young (14336K), 1 survivors (2048K)
 Metaspace       used 43434K, committed 43648K, reserved 1114112K
  class space    used 5358K, committed 5440K, reserved 1048576K
}
Event: 7.256 GC heap after
{Heap after GC invocations=10 (full 0):
 garbage-first heap   total 151552K, used 22498K [0x0000000705e00000, 0x0000000800000000)
  region size 2048K, 1 young (2048K), 1 survivors (2048K)
 Metaspace       used 43434K, committed 43648K, reserved 1114112K
  class space    used 5358K, committed 5440K, reserved 1048576K
}
Event: 10.978 GC heap before
{Heap before GC invocations=11 (full 0):
 garbage-first heap   total 81920K, used 77794K [0x0000000705e00000, 0x0000000800000000)
  region size 2048K, 29 young (59392K), 1 survivors (2048K)
 Metaspace       used 57381K, committed 57664K, reserved 1114112K
  class space    used 6821K, committed 6912K, reserved 1048576K
}
Event: 11.000 GC heap after
{Heap after GC invocations=12 (full 0):
 garbage-first heap   total 88064K, used 27466K [0x0000000705e00000, 0x0000000800000000)
  region size 2048K, 3 young (6144K), 3 survivors (6144K)
 Metaspace       used 57381K, committed 57664K, reserved 1114112K
  class space    used 6821K, committed 6912K, reserved 1048576K
}
Event: 13.599 GC heap before
{Heap before GC invocations=12 (full 0):
 garbage-first heap   total 88064K, used 70474K [0x0000000705e00000, 0x0000000800000000)
  region size 2048K, 24 young (49152K), 3 survivors (6144K)
 Metaspace       used 59844K, committed 60096K, reserved 1114112K
  class space    used 7093K, committed 7168K, reserved 1048576K
}
Event: 13.644 GC heap after
{Heap after GC invocations=13 (full 0):
 garbage-first heap   total 92160K, used 40126K [0x0000000705e00000, 0x0000000800000000)
  region size 2048K, 3 young (6144K), 3 survivors (6144K)
 Metaspace       used 59844K, committed 60096K, reserved 1114112K
  class space    used 7093K, committed 7168K, reserved 1048576K
}
Event: 23.434 GC heap before
{Heap before GC invocations=13 (full 0):
 garbage-first heap   total 92160K, used 70846K [0x0000000705e00000, 0x0000000800000000)
  region size 2048K, 18 young (36864K), 3 survivors (6144K)
 Metaspace       used 62753K, committed 63040K, reserved 1114112K
  class space    used 7361K, committed 7488K, reserved 1048576K
}
Event: 23.472 GC heap after
{Heap after GC invocations=14 (full 0):
 garbage-first heap   total 92160K, used 46855K [0x0000000705e00000, 0x0000000800000000)
  region size 2048K, 3 young (6144K), 3 survivors (6144K)
 Metaspace       used 62753K, committed 63040K, reserved 1114112K
  class space    used 7361K, committed 7488K, reserved 1048576K
}
Event: 29.879 GC heap before
{Heap before GC invocations=14 (full 0):
 garbage-first heap   total 92160K, used 73479K [0x0000000705e00000, 0x0000000800000000)
  region size 2048K, 16 young (32768K), 3 survivors (6144K)
 Metaspace       used 67913K, committed 68160K, reserved 1114112K
  class space    used 7812K, committed 7936K, reserved 1048576K
}
Event: 29.904 GC heap after
{Heap after GC invocations=15 (full 0):
 garbage-first heap   total 92160K, used 51033K [0x0000000705e00000, 0x0000000800000000)
  region size 2048K, 2 young (4096K), 2 survivors (4096K)
 Metaspace       used 67913K, committed 68160K, reserved 1114112K
  class space    used 7812K, committed 7936K, reserved 1048576K
}

Dll operation events (3 events):
Event: 0.019 Loaded shared library C:\Program Files\Android\Android Studio\jbr\bin\java.dll
Event: 0.030 Loaded shared library C:\Program Files\Android\Android Studio\jbr\bin\zip.dll
Event: 5.296 Loaded shared library C:\Program Files\Android\Android Studio\jbr\bin\verify.dll

Deoptimization events (20 events):
Event: 31.322 Thread 0x000001f2ff2af570 Uncommon trap: trap_request=0xffffffc6 fr.pc=0x000001f28af1efac relative=0x00000000000006ec
Event: 31.322 Thread 0x000001f2ff2af570 Uncommon trap: reason=bimorphic_or_optimized_type_check action=maybe_recompile pc=0x000001f28af1efac method=kotlin.collections.CollectionsKt___CollectionsKt.toList(Ljava/lang/Iterable;)Ljava/util/List; @ 62 c2
Event: 31.322 Thread 0x000001f2ff2af570 DEOPT PACKING pc=0x000001f28af1efac sp=0x000000e52aefd770
Event: 31.322 Thread 0x000001f2ff2af570 DEOPT UNPACKING pc=0x000001f28a544422 sp=0x000000e52aefd738 mode 2
Event: 32.894 Thread 0x000001f2ff2af570 Uncommon trap: trap_request=0xffffffde fr.pc=0x000001f28aef4d70 relative=0x00000000000009f0
Event: 32.894 Thread 0x000001f2ff2af570 Uncommon trap: reason=class_check action=maybe_recompile pc=0x000001f28aef4d70 method=org.jetbrains.kotlin.types.model.TypeSystemContext.typeConstructor(Lorg/jetbrains/kotlin/types/model/KotlinTypeMarker;)Lorg/jetbrains/kotlin/types/model/TypeConstructorM
Event: 32.894 Thread 0x000001f2ff2af570 DEOPT PACKING pc=0x000001f28aef4d70 sp=0x000000e52aefd690
Event: 32.894 Thread 0x000001f2ff2af570 DEOPT UNPACKING pc=0x000001f28a544422 sp=0x000000e52aefd680 mode 2
Event: 32.899 Thread 0x000001f2ff2af570 Uncommon trap: trap_request=0xffffffde fr.pc=0x000001f28aef4d70 relative=0x00000000000009f0
Event: 32.899 Thread 0x000001f2ff2af570 Uncommon trap: reason=class_check action=maybe_recompile pc=0x000001f28aef4d70 method=org.jetbrains.kotlin.types.model.TypeSystemContext.typeConstructor(Lorg/jetbrains/kotlin/types/model/KotlinTypeMarker;)Lorg/jetbrains/kotlin/types/model/TypeConstructorM
Event: 32.899 Thread 0x000001f2ff2af570 DEOPT PACKING pc=0x000001f28aef4d70 sp=0x000000e52aefd690
Event: 32.899 Thread 0x000001f2ff2af570 DEOPT UNPACKING pc=0x000001f28a544422 sp=0x000000e52aefd680 mode 2
Event: 32.899 Thread 0x000001f2ff2af570 Uncommon trap: trap_request=0xffffffde fr.pc=0x000001f28aef4d70 relative=0x00000000000009f0
Event: 32.899 Thread 0x000001f2ff2af570 Uncommon trap: reason=class_check action=maybe_recompile pc=0x000001f28aef4d70 method=org.jetbrains.kotlin.types.model.TypeSystemContext.typeConstructor(Lorg/jetbrains/kotlin/types/model/KotlinTypeMarker;)Lorg/jetbrains/kotlin/types/model/TypeConstructorM
Event: 32.899 Thread 0x000001f2ff2af570 DEOPT PACKING pc=0x000001f28aef4d70 sp=0x000000e52aefd7d0
Event: 32.899 Thread 0x000001f2ff2af570 DEOPT UNPACKING pc=0x000001f28a544422 sp=0x000000e52aefd7c0 mode 2
Event: 32.899 Thread 0x000001f2ff2af570 Uncommon trap: trap_request=0xffffffde fr.pc=0x000001f28aef4d70 relative=0x00000000000009f0
Event: 32.899 Thread 0x000001f2ff2af570 Uncommon trap: reason=class_check action=maybe_recompile pc=0x000001f28aef4d70 method=org.jetbrains.kotlin.types.model.TypeSystemContext.typeConstructor(Lorg/jetbrains/kotlin/types/model/KotlinTypeMarker;)Lorg/jetbrains/kotlin/types/model/TypeConstructorM
Event: 32.899 Thread 0x000001f2ff2af570 DEOPT PACKING pc=0x000001f28aef4d70 sp=0x000000e52aefd7c0
Event: 32.899 Thread 0x000001f2ff2af570 DEOPT UNPACKING pc=0x000001f28a544422 sp=0x000000e52aefd7b0 mode 2

Classes loaded (20 events):
Event: 9.678 Loading class java/util/AbstractList$ListItr
Event: 9.678 Loading class java/util/AbstractList$ListItr done
Event: 10.192 Loading class java/util/RegularEnumSet$EnumSetIterator
Event: 10.192 Loading class java/util/RegularEnumSet$EnumSetIterator done
Event: 11.201 Loading class java/util/AbstractList$RandomAccessSubList
Event: 11.201 Loading class java/util/AbstractList$SubList
Event: 11.202 Loading class java/util/AbstractList$SubList done
Event: 11.202 Loading class java/util/AbstractList$RandomAccessSubList done
Event: 13.436 Loading class java/util/AbstractList$SubList$1
Event: 13.437 Loading class java/util/AbstractList$SubList$1 done
Event: 26.793 Loading class java/util/EnumMap$EntrySet
Event: 26.794 Loading class java/util/EnumMap$EntrySet done
Event: 26.794 Loading class java/util/EnumMap$EntryIterator
Event: 26.794 Loading class java/util/EnumMap$EnumMapIterator
Event: 26.794 Loading class java/util/EnumMap$EnumMapIterator done
Event: 26.794 Loading class java/util/EnumMap$EntryIterator done
Event: 26.794 Loading class java/util/EnumMap$EntryIterator$Entry
Event: 26.794 Loading class java/util/EnumMap$EntryIterator$Entry done
Event: 30.966 Loading class java/lang/Byte$ByteCache
Event: 30.966 Loading class java/lang/Byte$ByteCache done

Classes unloaded (0 events):
No events

Classes redefined (0 events):
No events

Internal exceptions (20 events):
Event: 11.000 Thread 0x000001f29e0ac1a0 Implicit null exception at 0x000001f28ad91172 to 0x000001f28ad91990
Event: 11.099 Thread 0x000001f2ff2af570 Exception <a 'java/lang/NoSuchMethodError'{0x0000000715954ca8}: 'java.lang.Object java.lang.invoke.DirectMethodHandle$Holder.invokeSpecial(java.lang.Object, java.lang.Object, int, java.lang.Object, java.lang.Object)'> (0x0000000715954ca8) 
thrown [s\src\hotspot\share\interpreter\linkResolver.cpp, line 784]
Event: 16.400 Thread 0x000001f2ff2af570 Exception <a 'java/lang/NoSuchMethodError'{0x000000070acc7a80}: 'java.lang.Object java.lang.invoke.DirectMethodHandle$Holder.invokeStatic(java.lang.Object, java.lang.Object, java.lang.Object, int, java.lang.Object, java.lang.Object)'> (0x000000070acc7a80) 
thrown [s\src\hotspot\share\interpreter\linkResolver.cpp, line 784]
Event: 16.407 Thread 0x000001f2ff2af570 Exception <a 'java/lang/NoSuchMethodError'{0x000000070ace0dd0}: 'java.lang.Object java.lang.invoke.DirectMethodHandle$Holder.newInvokeSpecial(java.lang.Object, java.lang.Object, java.lang.Object, java.lang.Object, java.lang.Object, int)'> (0x000000070ace0dd0) 
thrown [s\src\hotspot\share\interpreter\linkResolver.cpp, line 784]
Event: 16.407 Thread 0x000001f2ff2af570 Exception <a 'java/lang/NoSuchMethodError'{0x000000070ace5508}: 'java.lang.Object java.lang.invoke.DirectMethodHandle$Holder.invokeSpecial(java.lang.Object, java.lang.Object, java.lang.Object, java.lang.Object, java.lang.Object, java.lang.Object, int)'> (0x000000070ace5508) 
thrown [s\src\hotspot\share\interpreter\linkResolver.cpp, line 784]
Event: 16.411 Thread 0x000001f2ff2af570 Exception <a 'java/lang/NoSuchMethodError'{0x000000070ace95f0}: 'java.lang.Object java.lang.invoke.Invokers$Holder.linkToTargetMethod(java.lang.Object, java.lang.Object, java.lang.Object, java.lang.Object, int, java.lang.Object)'> (0x000000070ace95f0) 
thrown [s\src\hotspot\share\interpreter\linkResolver.cpp, line 784]
Event: 18.150 Thread 0x000001f2ff2af570 Exception <a 'java/lang/NoSuchMethodError'{0x000000070a81b6a8}: 'java.lang.Object java.lang.invoke.DirectMethodHandle$Holder.invokeStatic(java.lang.Object, int, java.lang.Object, java.lang.Object)'> (0x000000070a81b6a8) 
thrown [s\src\hotspot\share\interpreter\linkResolver.cpp, line 784]
Event: 26.063 Thread 0x000001f2ff2af570 Implicit null exception at 0x000001f28acf995a to 0x000001f28acf9a64
Event: 26.226 Thread 0x000001f2ff2af570 Exception <a 'java/lang/NoSuchMethodError'{0x000000070ad293a8}: 'java.lang.Object java.lang.invoke.DirectMethodHandle$Holder.invokeStatic(java.lang.Object, int, int, java.lang.Object)'> (0x000000070ad293a8) 
thrown [s\src\hotspot\share\interpreter\linkResolver.cpp, line 784]
Event: 26.227 Thread 0x000001f2ff2af570 Exception <a 'java/lang/NoSuchMethodError'{0x000000070ad2cd18}: 'java.lang.Object java.lang.invoke.DirectMethodHandle$Holder.invokeStaticInit(java.lang.Object, int, int, java.lang.Object)'> (0x000000070ad2cd18) 
thrown [s\src\hotspot\share\interpreter\linkResolver.cpp, line 784]
Event: 26.531 Thread 0x000001f2ff2af570 Implicit null exception at 0x000001f28ae54c63 to 0x000001f28ae54e1c
Event: 26.605 Thread 0x000001f2ff2af570 Exception <a 'java/lang/NoSuchMethodError'{0x000000070ab30318}: 'java.lang.Object java.lang.invoke.DirectMethodHandle$Holder.invokeStatic(java.lang.Object, java.lang.Object, java.lang.Object, java.lang.Object, java.lang.Object, int)'> (0x000000070ab30318) 
thrown [s\src\hotspot\share\interpreter\linkResolver.cpp, line 784]
Event: 27.670 Thread 0x000001f2ff2af570 Implicit null exception at 0x000001f28af14e4e to 0x000001f28af14f64
Event: 27.824 Thread 0x000001f2ff2af570 Exception <a 'java/lang/NoSuchMethodError'{0x000000070a8c1e90}: 'java.lang.Object java.lang.invoke.DirectMethodHandle$Holder.newInvokeSpecial(java.lang.Object, java.lang.Object, int, java.lang.Object, java.lang.Object, java.lang.Object, java.lang.Object)'> (0x000000070a8c1e90) 
thrown [s\src\hotspot\share\interpreter\linkResolver.cpp, line 784]
Event: 29.284 Thread 0x000001f2ff2af570 Implicit null exception at 0x000001f28ac75ea0 to 0x000001f28ac76454
Event: 29.288 Thread 0x000001f2ff2af570 Implicit null exception at 0x000001f28ac77ca0 to 0x000001f28ac7824c
Event: 31.499 Thread 0x000001f2ff2af570 Exception <a 'java/lang/NoSuchMethodError'{0x000000070aabcb20}: 'java.lang.Object java.lang.invoke.DirectMethodHandle$Holder.newInvokeSpecial(java.lang.Object, java.lang.Object, java.lang.Object, java.lang.Object, java.lang.Object, java.lang.Object, java.lang.Object, java.lang.Object, int)'> (0x000000070aabcb20) 
thrown [s\src\hotspot\share\interpreter\linkResolver.cpp, line 784]
Event: 31.500 Thread 0x000001f2ff2af570 Exception <a 'java/lang/NoSuchMethodError'{0x000000070aac1818}: 'java.lang.Object java.lang.invoke.DirectMethodHandle$Holder.invokeSpecial(java.lang.Object, java.lang.Object, java.lang.Object, java.lang.Object, java.lang.Object, java.lang.Object, java.lang.Object, java.lang.Object, java.lang.Object, int)'> (0x000000070aac1818) 
thrown [s\src\hotspot\share\interpreter\linkResolver.cpp, line 784]
Event: 31.633 Thread 0x000001f2ff2af570 Exception <a 'java/lang/NoSuchMethodError'{0x000000070abf7658}: 'java.lang.Object java.lang.invoke.DirectMethodHandle$Holder.invokeStatic(java.lang.Object, java.lang.Object, java.lang.Object, int, int)'> (0x000000070abf7658) 
thrown [s\src\hotspot\share\interpreter\linkResolver.cpp, line 784]
Event: 31.656 Thread 0x000001f2ff2af570 Exception <a 'java/lang/NoSuchMethodError'{0x000000070a8699b0}: 'java.lang.Object java.lang.invoke.DirectMethodHandle$Holder.invokeStatic(java.lang.Object, java.lang.Object, int, int)'> (0x000000070a8699b0) 
thrown [s\src\hotspot\share\interpreter\linkResolver.cpp, line 784]

ZGC Phase Switch (0 events):
No events

VM Operations (20 events):
Event: 29.417 Executing non-safepoint VM operation: HandshakeAllThreads (Deoptimize)
Event: 29.417 Executing non-safepoint VM operation: HandshakeAllThreads (Deoptimize) done
Event: 29.508 Executing non-safepoint VM operation: HandshakeAllThreads (Deoptimize)
Event: 29.508 Executing non-safepoint VM operation: HandshakeAllThreads (Deoptimize) done
Event: 29.878 Executing safepoint VM operation: G1CollectForAllocation (G1 Evacuation Pause)
Event: 29.904 Executing safepoint VM operation: G1CollectForAllocation (G1 Evacuation Pause) done
Event: 30.905 Executing safepoint VM operation: Cleanup
Event: 30.951 Executing safepoint VM operation: Cleanup done
Event: 31.472 Executing non-safepoint VM operation: HandshakeAllThreads (Deoptimize)
Event: 31.473 Executing non-safepoint VM operation: HandshakeAllThreads (Deoptimize) done
Event: 31.491 Executing non-safepoint VM operation: HandshakeAllThreads (Deoptimize)
Event: 31.491 Executing non-safepoint VM operation: HandshakeAllThreads (Deoptimize) done
Event: 31.593 Executing non-safepoint VM operation: HandshakeAllThreads (Deoptimize)
Event: 31.594 Executing non-safepoint VM operation: HandshakeAllThreads (Deoptimize) done
Event: 31.596 Executing non-safepoint VM operation: HandshakeAllThreads (Deoptimize)
Event: 31.596 Executing non-safepoint VM operation: HandshakeAllThreads (Deoptimize) done
Event: 32.066 Executing non-safepoint VM operation: HandshakeAllThreads (Deoptimize)
Event: 32.142 Executing non-safepoint VM operation: HandshakeAllThreads (Deoptimize) done
Event: 32.142 Executing safepoint VM operation: Cleanup
Event: 32.143 Executing safepoint VM operation: Cleanup done

Memory protections (0 events):
No events

Nmethod flushes (20 events):
Event: 7.277 Thread 0x000001f29e02a6e0 flushing  nmethod 0x000001f283308e90
Event: 7.277 Thread 0x000001f29e02a6e0 flushing  nmethod 0x000001f28331d010
Event: 7.277 Thread 0x000001f29e02a6e0 flushing  nmethod 0x000001f283361610
Event: 7.277 Thread 0x000001f29e02a6e0 flushing  nmethod 0x000001f283361f10
Event: 7.277 Thread 0x000001f29e02a6e0 flushing  nmethod 0x000001f2833e8790
Event: 7.277 Thread 0x000001f29e02a6e0 flushing  nmethod 0x000001f2833e9e10
Event: 7.277 Thread 0x000001f29e02a6e0 flushing  nmethod 0x000001f2833ea990
Event: 7.277 Thread 0x000001f29e02a6e0 flushing  nmethod 0x000001f2833eb590
Event: 7.277 Thread 0x000001f29e02a6e0 flushing  nmethod 0x000001f2833ebb10
Event: 7.277 Thread 0x000001f29e02a6e0 flushing  nmethod 0x000001f2833ed110
Event: 7.277 Thread 0x000001f29e02a6e0 flushing  nmethod 0x000001f2833ede90
Event: 7.277 Thread 0x000001f29e02a6e0 flushing  nmethod 0x000001f2833fff90
Event: 7.277 Thread 0x000001f29e02a6e0 flushing  nmethod 0x000001f283400390
Event: 7.277 Thread 0x000001f29e02a6e0 flushing  nmethod 0x000001f283402490
Event: 7.277 Thread 0x000001f29e02a6e0 flushing  nmethod 0x000001f283403390
Event: 7.277 Thread 0x000001f29e02a6e0 flushing  nmethod 0x000001f283403e10
Event: 7.277 Thread 0x000001f29e02a6e0 flushing  nmethod 0x000001f283404d10
Event: 7.277 Thread 0x000001f29e02a6e0 flushing  nmethod 0x000001f283405b90
Event: 7.277 Thread 0x000001f29e02a6e0 flushing  nmethod 0x000001f283405f10
Event: 7.277 Thread 0x000001f29e02a6e0 flushing  nmethod 0x000001f283407110

Events (20 events):
Event: 12.222 Thread 0x000001f29fb624b0 Thread exited: 0x000001f29fb624b0
Event: 12.496 Thread 0x000001f29fb60df0 Thread exited: 0x000001f29fb60df0
Event: 13.402 Thread 0x000001f29e0eff30 Thread added: 0x000001f29f917cc0
Event: 13.567 Thread 0x000001f29f917cc0 Thread exited: 0x000001f29f917cc0
Event: 14.595 Thread 0x000001f29e611a00 Thread added: 0x000001f29f919800
Event: 14.783 Thread 0x000001f29f919800 Thread exited: 0x000001f29f919800
Event: 21.597 Thread 0x000001f29e611a00 Thread added: 0x000001f29f919ed0
Event: 21.601 Thread 0x000001f29983ce20 Thread added: 0x000001f29f919130
Event: 21.797 Thread 0x000001f29f919130 Thread exited: 0x000001f29f919130
Event: 22.116 Thread 0x000001f29f919ed0 Thread exited: 0x000001f29f919ed0
Event: 30.137 Thread 0x000001f29fa06b90 Thread exited: 0x000001f29fa06b90
Event: 30.137 Thread 0x000001f29e611a00 Thread exited: 0x000001f29e611a00
Event: 30.507 Thread 0x000001f29983ce20 Thread exited: 0x000001f29983ce20
Event: 30.963 Thread 0x000001f29e0eff30 Thread added: 0x000001f29f918390
Event: 31.877 Thread 0x000001f29e0eff30 Thread added: 0x000001f29f91a5a0
Event: 31.890 Thread 0x000001f29e0eff30 Thread added: 0x000001f29f916f20
Event: 32.001 Thread 0x000001f29f918390 Thread added: 0x000001f2a2981d40
Event: 32.002 Thread 0x000001f29f918390 Thread added: 0x000001f2a2982410
Event: 32.475 Thread 0x000001f29f916f20 Thread exited: 0x000001f29f916f20
Event: 32.475 Thread 0x000001f29f91a5a0 Thread exited: 0x000001f29f91a5a0


Dynamic libraries:
0x00007ff7391a0000 - 0x00007ff7391aa000 	C:\Program Files\Android\Android Studio\jbr\bin\java.exe
0x00007ffb6ac60000 - 0x00007ffb6aec7000 	C:\WINDOWS\SYSTEM32\ntdll.dll
0x00007ffb68980000 - 0x00007ffb68a4b000 	C:\WINDOWS\System32\KERNEL32.DLL
0x00007ffb68480000 - 0x00007ffb68882000 	C:\WINDOWS\System32\KERNELBASE.dll
0x00007ffb68080000 - 0x00007ffb681cc000 	C:\WINDOWS\System32\ucrtbase.dll
0x00007ffb38800000 - 0x00007ffb38818000 	C:\Program Files\Android\Android Studio\jbr\bin\jli.dll
0x00007ffb27760000 - 0x00007ffb2777b000 	C:\Program Files\Android\Android Studio\jbr\bin\VCRUNTIME140.dll
0x00007ffb6a820000 - 0x00007ffb6a9ef000 	C:\WINDOWS\System32\USER32.dll
0x00007ffb68950000 - 0x00007ffb68977000 	C:\WINDOWS\System32\win32u.dll
0x00007ffb4eaf0000 - 0x00007ffb4ed80000 	C:\WINDOWS\WinSxS\amd64_microsoft.windows.common-controls_6595b64144ccf1df_6.0.26100.9278_none_3e0d1ba8e3303201\COMCTL32.dll
0x00007ffb6aa00000 - 0x00007ffb6aa2b000 	C:\WINDOWS\System32\GDI32.dll
0x00007ffb69aa0000 - 0x00007ffb69b49000 	C:\WINDOWS\System32\msvcrt.dll
0x00007ffb681e0000 - 0x00007ffb68309000 	C:\WINDOWS\System32\gdi32full.dll
0x00007ffb68310000 - 0x00007ffb683b3000 	C:\WINDOWS\System32\msvcp_win.dll
0x00007ffb69c70000 - 0x00007ffb69ca1000 	C:\WINDOWS\System32\IMM32.DLL
0x00007ffb33c40000 - 0x00007ffb33c4c000 	C:\Program Files\Android\Android Studio\jbr\bin\vcruntime140_1.dll
0x00007ffb34350000 - 0x00007ffb343dd000 	C:\Program Files\Android\Android Studio\jbr\bin\msvcp140.dll
0x00007ffaeac40000 - 0x00007ffaeb8d6000 	C:\Program Files\Android\Android Studio\jbr\bin\server\jvm.dll
0x00007ffb69770000 - 0x00007ffb6982c000 	C:\WINDOWS\System32\ADVAPI32.dll
0x00007ffb6aaa0000 - 0x00007ffb6ab49000 	C:\WINDOWS\System32\sechost.dll
0x00007ffb69310000 - 0x00007ffb69428000 	C:\WINDOWS\System32\RPCRT4.dll
0x00007ffb69b50000 - 0x00007ffb69bd0000 	C:\WINDOWS\System32\WS2_32.dll
0x00007ffb67ce0000 - 0x00007ffb67d3e000 	C:\WINDOWS\SYSTEM32\POWRPROF.dll
0x00007ffb5ba00000 - 0x00007ffb5ba36000 	C:\WINDOWS\SYSTEM32\WINMM.dll
0x00007ffb5a840000 - 0x00007ffb5a84b000 	C:\WINDOWS\SYSTEM32\VERSION.dll
0x00007ffb67cc0000 - 0x00007ffb67cd5000 	C:\WINDOWS\SYSTEM32\UMPDC.dll
0x00007ffb66b30000 - 0x00007ffb66b4b000 	C:\WINDOWS\SYSTEM32\kernel.appcore.dll
0x00007ffb31c70000 - 0x00007ffb31c7a000 	C:\Program Files\Android\Android Studio\jbr\bin\jimage.dll
0x00007ffb653a0000 - 0x00007ffb655ec000 	C:\WINDOWS\SYSTEM32\DBGHELP.DLL
0x00007ffb69cf0000 - 0x00007ffb6a075000 	C:\WINDOWS\System32\combase.dll
0x00007ffb69990000 - 0x00007ffb69a69000 	C:\WINDOWS\System32\OLEAUT32.dll
0x00007ffb50be0000 - 0x00007ffb50c1b000 	C:\WINDOWS\SYSTEM32\dbgcore.DLL
0x00007ffb683c0000 - 0x00007ffb6846c000 	C:\WINDOWS\System32\bcryptPrimitives.dll
0x00007ffb24940000 - 0x00007ffb24960000 	C:\Program Files\Android\Android Studio\jbr\bin\java.dll
0x00007ffb1e410000 - 0x00007ffb1e428000 	C:\Program Files\Android\Android Studio\jbr\bin\zip.dll
0x00007ffb6a080000 - 0x00007ffb6a818000 	C:\WINDOWS\System32\SHELL32.dll
0x00007ffb65890000 - 0x00007ffb6613e000 	C:\WINDOWS\SYSTEM32\windows.storage.dll
0x00007ffb68d80000 - 0x00007ffb68e7b000 	C:\WINDOWS\System32\SHCORE.dll
0x00007ffb6aa30000 - 0x00007ffb6aa96000 	C:\WINDOWS\System32\shlwapi.dll
0x00007ffb67d80000 - 0x00007ffb67da9000 	C:\WINDOWS\SYSTEM32\profapi.dll
0x00007ffb31140000 - 0x00007ffb31150000 	C:\Program Files\Android\Android Studio\jbr\bin\net.dll
0x00007ffb5f370000 - 0x00007ffb5f49a000 	C:\WINDOWS\SYSTEM32\WINHTTP.dll
0x00007ffb670f0000 - 0x00007ffb6715c000 	C:\WINDOWS\system32\mswsock.dll
0x00007ffb0c9d0000 - 0x00007ffb0c9e6000 	C:\Program Files\Android\Android Studio\jbr\bin\nio.dll
0x00007ffb2dcc0000 - 0x00007ffb2dcc9000 	C:\Program Files\Android\Android Studio\jbr\bin\management.dll
0x00007ffb2ce10000 - 0x00007ffb2ce1b000 	C:\Program Files\Android\Android Studio\jbr\bin\management_ext.dll
0x00007ffb6ac10000 - 0x00007ffb6ac18000 	C:\WINDOWS\System32\PSAPI.DLL
0x00007ffb2efb0000 - 0x00007ffb2efc0000 	C:\Program Files\Android\Android Studio\jbr\bin\verify.dll

JVMTI agents: none

dbghelp: loaded successfully - version: 4.0.5 - missing functions: none
symbol engine: initialized successfully - sym options: 0x614 - pdb path: .;C:\Program Files\Android\Android Studio\jbr\bin;C:\WINDOWS\SYSTEM32;C:\WINDOWS\WinSxS\amd64_microsoft.windows.common-controls_6595b64144ccf1df_6.0.26100.9278_none_3e0d1ba8e3303201;C:\Program Files\Android\Android Studio\jbr\bin\server

VM Arguments:
java_command: org.jetbrains.kotlin.cli.jvm.K2JVMCompiler @D:\JP SITEPLUS\mobile-engineer\build\in_app_update\20260912_14449090914805045670.compiler.options
java_class_path (initial): C:\Users\Sachin\.gradle\caches\modules-2\files-2.1\org.jetbrains.kotlin\kotlin-compiler-embeddable\2.2.20\bb8331b7585e36ea311825b01a1c06860c055fd1\kotlin-compiler-embeddable-2.2.20.jar;C:\Users\Sachin\.gradle\caches\modules-2\files-2.1\org.jetbrains.kotlin\kotlin-stdlib\2.2.20\5380b19fa1924399b62ce3a1faffebb2b4f82272\kotlin-stdlib-2.2.20.jar;C:\Users\Sachin\.gradle\caches\modules-2\files-2.1\org.jetbrains.kotlin\kotlin-script-runtime\2.2.20\4c679cbeac0bb583b75c3a080013da8eaf240807\kotlin-script-runtime-2.2.20.jar;C:\Users\Sachin\.gradle\caches\modules-2\files-2.1\org.jetbrains.kotlin\kotlin-reflect\1.6.10\1cbe9c92c12a94eea200d23c2bbaedaf3daf5132\kotlin-reflect-1.6.10.jar;C:\Users\Sachin\.gradle\caches\modules-2\files-2.1\org.jetbrains.kotlin\kotlin-daemon-embeddable\2.2.20\feff12d48d7f1eb628742b0a721395e16f8755bf\kotlin-daemon-embeddable-2.2.20.jar;C:\Users\Sachin\.gradle\caches\modules-2\files-2.1\org.jetbrains.kotlinx\kotlinx-coroutines-core-jvm\1.8.0\ac1dc37a30a93150b704022f8d895ee1bd3a36b3\kotlinx-coroutines-core-jvm-1.8.0.jar;C:\Users\Sachin\.gradle\caches\modules-2\files-2.1\org.jetbrains\annotations\13.0\919f0dfe192fb4e063e7dacadee7f8bb9a2672a9\annotations-13.0.jar
Launcher Type: SUN_STANDARD

[Global flags]
     intx CICompilerCount                          = 12                                        {product} {ergonomic}
     uint ConcGCThreads                            = 3                                         {product} {ergonomic}
     uint G1ConcRefinementThreads                  = 13                                        {product} {ergonomic}
   size_t G1HeapRegionSize                         = 2097152                                   {product} {ergonomic}
    uintx GCDrainStackTargetSize                   = 64                                        {product} {ergonomic}
   size_t InitialHeapSize                          = 264241152                                 {product} {ergonomic}
   size_t MarkStackSize                            = 4194304                                   {product} {ergonomic}
   size_t MaxHeapSize                              = 4196401152                                {product} {ergonomic}
   size_t MaxNewSize                               = 2516582400                                {product} {ergonomic}
   size_t MinHeapDeltaBytes                        = 2097152                                   {product} {ergonomic}
   size_t MinHeapSize                              = 8388608                                   {product} {ergonomic}
    uintx NonNMethodCodeHeapSize                   = 7602480                                {pd product} {ergonomic}
    uintx NonProfiledCodeHeapSize                  = 122027880                              {pd product} {ergonomic}
    uintx ProfiledCodeHeapSize                     = 122027880                              {pd product} {ergonomic}
    uintx ReservedCodeCacheSize                    = 251658240                              {pd product} {ergonomic}
     bool SegmentedCodeCache                       = true                                      {product} {ergonomic}
   size_t SoftMaxHeapSize                          = 4196401152                             {manageable} {ergonomic}
     bool UseCompressedOops                        = true                           {product lp64_product} {ergonomic}
     bool UseG1GC                                  = true                                      {product} {ergonomic}
     bool UseLargePagesIndividualAllocation        = false                                  {pd product} {ergonomic}

Logging:
Log output configuration:
 #0: stdout all=warning uptime,level,tags foldmultilines=false
 #1: stderr all=off uptime,level,tags foldmultilines=false

Release file:
JAVA_VERSION="21.0.10" 
MODULES="java.base java.compiler java.datatransfer java.xml java.prefs java.desktop java.instrument java.logging java.management java.security.sasl java.naming java.rmi java.management.rmi java.net.http java.scripting java.security.jgss java.transaction.xa java.sql java.sql.rowset java.xml.crypto java.se java.smartcardio jdk.accessibility jdk.internal.jvmstat jdk.attach jdk.charsets jdk.internal.opt jdk.zipfs jdk.compiler jdk.crypto.ec jdk.crypto.cryptoki jdk.dynalink jdk.hotspot.agent jdk.httpserver jdk.internal.ed jdk.internal.le jdk.internal.vm.ci jdk.jartool jdk.javadoc jdk.jcmd jdk.jdeps jdk.jdwp.agent jdk.jdi jdk.jfr jdk.jlink jdk.jsobject jdk.localedata jdk.management jdk.management.agent jdk.management.jfr jdk.naming.dns jdk.naming.rmi jdk.net jdk.sctp jdk.security.auth jdk.security.jgss jdk.unsupported jdk.unsupported.desktop jdk.xml.dom" 
IMPLEMENTOR="JetBrains s.r.o." 
JAVA_RUNTIME_VERSION="21.0.10+-14961533-b1163.108" 
LIBC="default" 
OS_ARCH="x86_64" 
OS_NAME="Windows" 
SOURCE=".:git:1351622c2ff2" 

Environment Variables:
JAVA_HOME=C:\Program Files\Android\Android Studio\jbr
CLASSPATH=D:\JP SITEPLUS\mobile-engineer\android\\gradle\wrapper\gradle-wrapper.jar
PATH=C:\Program Files\Android\Android Studio\jbr\bin;C:\Users\Sachin\AppData\Local\Programs\Python\Python312\Scripts\;C:\Users\Sachin\AppData\Local\Programs\Python\Python312\;C:\WINDOWS\system32;C:\WINDOWS;D:\src\flutter\bin;C:\WINDOWS\System32\Wbem;C:\WINDOWS\System32\WindowsPowerShell\v1.0\;C:\WINDOWS\System32\OpenSSH\;C:\ProgramData\chocolatey\bin;C:\Program Files\MongoDB\Server\7.0\bin;C:\Program Files\Git\cmd;C:\Program Files\Git\mingw64\bin;C:\Program Files\Git\usr\bin;C:\Program Files\nodejs\;C:\Program Files (x86)\Microsoft SQL Server\160\DTS\Binn\;C:\Program Files (x86)\Microsoft SQL Server\160\Tools\Binn\;C:\Program Files\Microsoft SQL Server\160\Tools\Binn\;C:\Program Files\Microsoft SQL Server\Client SDK\ODBC\170\Tools\Binn\;C:\Program Files\Microsoft SQL Server\160\DTS\Binn\;C:\Program Files\Microsoft SQL Server\150\Tools\Binn\;C:\Program Files\dotnet\;C:\Program Files\Android\Android Studio\jbr\bin;C:\Users\Sachin\scoop\shims;C:\Program Files\MySQL\MySQL Shell 8.0\bin\;C:\Users\Sachin\AppData\Local\Programs\Microsoft VS Code\bin;C:\MinGW\bin;C:\Users\Sachin\AppData\Local\JetBrains\IntelliJ IDEA Community Edition 2023.3.4\bin;C:\Program Files\JetBrains\PyCharm 2024.2.3\bin;C:\Users\Sachin\AppData\Local\Microsoft\WindowsApps;C:\Users\Sachin\AppData\Roaming\npm;C:\Users\Sachin\.dotnet\tools;C:\Users\Sachin\Downloads\flutter_windows_3.29.3-stable\flutter\bin;C:\Users\Sachin\AppData\Local\GitHubDesktop\bin;D:\COLLEGE DE\Antigravity\bin
USERNAME=Sachin
OS=Windows_NT
PROCESSOR_IDENTIFIER=Intel64 Family 6 Model 154 Stepping 3, GenuineIntel
TMP=C:\Users\Sachin\AppData\Local\Temp
TEMP=C:\Users\Sachin\AppData\Local\Temp




Periodic native trim disabled

JNI global refs:
JNI global refs: 19, weak refs: 4

JNI global refs memory usage: 835, weak refs: 833

Process memory usage:
Resident Set Size: 303792K (1% of 16388268K total physical memory with 652948K free physical memory)

OOME stack traces (most recent first):
Classloader memory used:
Loader jdk.internal.loader.ClassLoaders$AppClassLoader                                 : 60379K
Loader bootstrap                                                                       : 11395K

---------------  S Y S T E M  ---------------

OS:
 Windows 11 , 64 bit Build 26100 (10.0.26100.9444)
OS uptime: 2 days 1:42 hours
Hyper-V role detected

CPU: total 16 (initial active 16) (8 cores per cpu, 2 threads per core) family 6 model 154 stepping 3 microcode 0x432, cx8, cmov, fxsr, ht, mmx, 3dnowpref, sse, sse2, sse3, ssse3, sse4.1, sse4.2, popcnt, lzcnt, tsc, tscinvbit, avx, avx2, aes, erms, clmul, bmi1, bmi2, adx, sha, fma, vzeroupper, clflush, clflushopt, clwb, hv, serialize, rdtscp, rdpid, fsrm, f16c, cet_ibt, cet_ss
Processor Information for processor 0
  Max Mhz: 2500, Current Mhz: 2500, Mhz Limit: 2500
Processor Information for processor 1
  Max Mhz: 2500, Current Mhz: 2500, Mhz Limit: 2500
Processor Information for processor 2
  Max Mhz: 2500, Current Mhz: 2500, Mhz Limit: 2500
Processor Information for processor 3
  Max Mhz: 2500, Current Mhz: 2500, Mhz Limit: 2500
Processor Information for processor 4
  Max Mhz: 2500, Current Mhz: 2500, Mhz Limit: 2500
Processor Information for processor 5
  Max Mhz: 2500, Current Mhz: 2500, Mhz Limit: 2500
Processor Information for processor 6
  Max Mhz: 2500, Current Mhz: 2500, Mhz Limit: 2500
Processor Information for processor 7
  Max Mhz: 2500, Current Mhz: 2500, Mhz Limit: 2500
Processor Information for processor 8
  Max Mhz: 2500, Current Mhz: 1800, Mhz Limit: 1800
Processor Information for processor 9
  Max Mhz: 2500, Current Mhz: 1800, Mhz Limit: 1800
Processor Information for processor 10
  Max Mhz: 2500, Current Mhz: 1800, Mhz Limit: 1800
Processor Information for processor 11
  Max Mhz: 2500, Current Mhz: 1800, Mhz Limit: 1800
Processor Information for processor 12
  Max Mhz: 2500, Current Mhz: 1800, Mhz Limit: 1800
Processor Information for processor 13
  Max Mhz: 2500, Current Mhz: 1800, Mhz Limit: 1800
Processor Information for processor 14
  Max Mhz: 2500, Current Mhz: 1800, Mhz Limit: 1800
Processor Information for processor 15
  Max Mhz: 2500, Current Mhz: 1800, Mhz Limit: 1800

Memory: 4k page, system-wide physical 16004M (647M free)
TotalPageFile size 29516M (AvailPageFile size 8M)
current process WorkingSet (physical memory assigned to process): 299M, peak: 309M
current process commit charge ("private bytes"): 343M, peak: 372M

vm_info: OpenJDK 64-Bit Server VM (21.0.10+-14961533-b1163.108) for windows-amd64 JRE (21.0.10+-14961533-b1163.108), built on 2026-03-02T19:58:50Z by "builder" with MS VC++ 16.10 / 16.11 (VS2019)

END.
