#
# There is insufficient memory for the Java Runtime Environment to continue.
# Native memory allocation (malloc) failed to allocate 32744 bytes. Error detail: Chunk::new
# Possible reasons:
#   The system is out of physical RAM or swap space
#   This process is running with CompressedOops enabled, and the Java Heap may be blocking the growth of the native heap
# Possible solutions:
#   Reduce memory load on the system
#   Increase physical memory or swap space
#   Check if swap backing store is full
#   Decrease Java heap size (-Xmx/-Xms)
#   Decrease number of Java threads
#   Decrease Java thread stack sizes (-Xss)
#   Set larger code cache with -XX:ReservedCodeCacheSize=
#   JVM is running with Zero Based Compressed Oops mode in which the Java heap is
#     placed in the first 32GB address space. The Java Heap base address is the
#     maximum limit for the native heap growth. Please use -XX:HeapBaseMinAddress
#     to set the Java Heap base and to place the Java Heap above 32GB virtual address.
# This output file may be truncated or incomplete.
#
#  Out of Memory Error (arena.cpp:168), pid=19088, tid=14192
#
# JRE version: OpenJDK Runtime Environment (21.0.10) (build 21.0.10+-14961533-b1163.108)
# Java VM: OpenJDK 64-Bit Server VM (21.0.10+-14961533-b1163.108, mixed mode, tiered, compressed oops, compressed class ptrs, g1 gc, windows-amd64)
# No core dump will be written. Minidumps are not enabled by default on client versions of Windows
#

---------------  S U M M A R Y ------------

Command Line: org.jetbrains.kotlin.cli.jvm.K2JVMCompiler @D:\JP SITEPLUS\mobile-engineer\build\shared_preferences_android\20260912_6970401565605907386.compiler.options

Host: 12th Gen Intel(R) Core(TM) i5-12500H, 16 cores, 15G,  Windows 11 , 64 bit Build 26100 (10.0.26100.9444)
Time: Sat Sep 12 15:39:06 2026 India Standard Time elapsed time: 7.144441 seconds (0d 0h 0m 7s)

---------------  T H R E A D  ---------------

Current thread (0x000002ae68093d40):  JavaThread "main"             [_thread_in_vm, id=14192, stack(0x000000ea4f400000,0x000000ea4f500000) (1024K)]

Stack: [0x000000ea4f400000,0x000000ea4f500000]
Native frames: (J=compiled Java code, j=interpreted, Vv=VM code, C=native code)
V  [jvm.dll+0x6d78a9]
V  [jvm.dll+0x8665b3]
V  [jvm.dll+0x868bde]
V  [jvm.dll+0x8692c3]
V  [jvm.dll+0x280ee6]
V  [jvm.dll+0xc07cd]
V  [jvm.dll+0xc0d03]
V  [jvm.dll+0x2148d5]
V  [jvm.dll+0x21773d]
V  [jvm.dll+0x20c73a]
V  [jvm.dll+0x5b7f75]
V  [jvm.dll+0x7df903]
V  [jvm.dll+0x7dfa4b]
V  [jvm.dll+0x4730c7]
V  [jvm.dll+0x478a18]
C  [java.dll+0x17ec]

Java frames: (J=compiled Java code, j=interpreted, Vv=VM code)
J 371  java.lang.ClassLoader.defineClass1(Ljava/lang/ClassLoader;Ljava/lang/String;[BIILjava/security/ProtectionDomain;Ljava/lang/String;)Ljava/lang/Class; java.base@21.0.10 (0 bytes) @ 0x000002ae7515b311 [0x000002ae7515b240+0x00000000000000d1]
J 873 c1 java.lang.ClassLoader.defineClass(Ljava/lang/String;[BIILjava/security/ProtectionDomain;)Ljava/lang/Class; java.base@21.0.10 (43 bytes) @ 0x000002ae6d70d77c [0x000002ae6d70d420+0x000000000000035c]
J 909 c1 java.security.SecureClassLoader.defineClass(Ljava/lang/String;[BIILjava/security/CodeSource;)Ljava/lang/Class; java.base@21.0.10 (16 bytes) @ 0x000002ae6d72549c [0x000002ae6d7253c0+0x00000000000000dc]
J 937 c1 jdk.internal.loader.BuiltinClassLoader.defineClass(Ljava/lang/String;Ljdk/internal/loader/Resource;)Ljava/lang/Class; java.base@21.0.10 (121 bytes) @ 0x000002ae6d736654 [0x000002ae6d735280+0x00000000000013d4]
J 676 c1 jdk.internal.loader.BuiltinClassLoader.findClassOnClassPathOrNull(Ljava/lang/String;)Ljava/lang/Class; java.base@21.0.10 (134 bytes) @ 0x000002ae6d69f89c [0x000002ae6d69eb80+0x0000000000000d1c]
J 325 c1 jdk.internal.loader.BuiltinClassLoader.loadClassOrNull(Ljava/lang/String;Z)Ljava/lang/Class; java.base@21.0.10 (143 bytes) @ 0x000002ae6d608c74 [0x000002ae6d608340+0x0000000000000934]
J 466 c1 jdk.internal.loader.ClassLoaders$AppClassLoader.loadClass(Ljava/lang/String;Z)Ljava/lang/Class; java.base@21.0.10 (40 bytes) @ 0x000002ae6d63dfe4 [0x000002ae6d63de00+0x00000000000001e4]
J 465 c1 java.lang.ClassLoader.loadClass(Ljava/lang/String;)Ljava/lang/Class; java.base@21.0.10 (7 bytes) @ 0x000002ae6d63dad4 [0x000002ae6d63d9c0+0x0000000000000114]
v  ~StubRoutines::call_stub 0x000002ae749f100d
J 371  java.lang.ClassLoader.defineClass1(Ljava/lang/ClassLoader;Ljava/lang/String;[BIILjava/security/ProtectionDomain;Ljava/lang/String;)Ljava/lang/Class; java.base@21.0.10 (0 bytes) @ 0x000002ae7515b311 [0x000002ae7515b240+0x00000000000000d1]
J 873 c1 java.lang.ClassLoader.defineClass(Ljava/lang/String;[BIILjava/security/ProtectionDomain;)Ljava/lang/Class; java.base@21.0.10 (43 bytes) @ 0x000002ae6d70d77c [0x000002ae6d70d420+0x000000000000035c]
J 909 c1 java.security.SecureClassLoader.defineClass(Ljava/lang/String;[BIILjava/security/CodeSource;)Ljava/lang/Class; java.base@21.0.10 (16 bytes) @ 0x000002ae6d72549c [0x000002ae6d7253c0+0x00000000000000dc]
J 937 c1 jdk.internal.loader.BuiltinClassLoader.defineClass(Ljava/lang/String;Ljdk/internal/loader/Resource;)Ljava/lang/Class; java.base@21.0.10 (121 bytes) @ 0x000002ae6d736654 [0x000002ae6d735280+0x00000000000013d4]
J 676 c1 jdk.internal.loader.BuiltinClassLoader.findClassOnClassPathOrNull(Ljava/lang/String;)Ljava/lang/Class; java.base@21.0.10 (134 bytes) @ 0x000002ae6d69f89c [0x000002ae6d69eb80+0x0000000000000d1c]
J 325 c1 jdk.internal.loader.BuiltinClassLoader.loadClassOrNull(Ljava/lang/String;Z)Ljava/lang/Class; java.base@21.0.10 (143 bytes) @ 0x000002ae6d608c74 [0x000002ae6d608340+0x0000000000000934]
J 466 c1 jdk.internal.loader.ClassLoaders$AppClassLoader.loadClass(Ljava/lang/String;Z)Ljava/lang/Class; java.base@21.0.10 (40 bytes) @ 0x000002ae6d63dfe4 [0x000002ae6d63de00+0x00000000000001e4]
J 465 c1 java.lang.ClassLoader.loadClass(Ljava/lang/String;)Ljava/lang/Class; java.base@21.0.10 (7 bytes) @ 0x000002ae6d63dad4 [0x000002ae6d63d9c0+0x0000000000000114]
v  ~StubRoutines::call_stub 0x000002ae749f100d
j  kotlin.reflect.jvm.internal.impl.builtins.jvm.JvmBuiltInsCustomizer.createMockJavaIoSerializableType(Lkotlin/reflect/jvm/internal/impl/storage/StorageManager;)Lkotlin/reflect/jvm/internal/impl/types/KotlinType;+50
j  kotlin.reflect.jvm.internal.impl.builtins.jvm.JvmBuiltInsCustomizer.<init>(Lkotlin/reflect/jvm/internal/impl/descriptors/ModuleDescriptor;Lkotlin/reflect/jvm/internal/impl/storage/StorageManager;Lkotlin/jvm/functions/Function0;)V+48
j  kotlin.reflect.jvm.internal.impl.builtins.jvm.JvmBuiltIns$customizer$2.invoke()Lkotlin/reflect/jvm/internal/impl/builtins/jvm/JvmBuiltInsCustomizer;+40
j  kotlin.reflect.jvm.internal.impl.builtins.jvm.JvmBuiltIns$customizer$2.invoke()Ljava/lang/Object;+1
j  kotlin.reflect.jvm.internal.impl.storage.LockBasedStorageManager$LockBasedLazyValue.invoke()Ljava/lang/Object;+156
j  kotlin.reflect.jvm.internal.impl.storage.LockBasedStorageManager$LockBasedNotNullLazyValue.invoke()Ljava/lang/Object;+1
j  kotlin.reflect.jvm.internal.impl.storage.StorageKt.getValue(Lkotlin/reflect/jvm/internal/impl/storage/NotNullLazyValue;Ljava/lang/Object;Lkotlin/reflect/KProperty;)Ljava/lang/Object;+13
j  kotlin.reflect.jvm.internal.impl.builtins.jvm.JvmBuiltIns.getCustomizer()Lkotlin/reflect/jvm/internal/impl/builtins/jvm/JvmBuiltInsCustomizer;+10
j  kotlin.reflect.jvm.internal.impl.load.kotlin.DeserializationComponentsForJava.<init>(Lkotlin/reflect/jvm/internal/impl/storage/StorageManager;Lkotlin/reflect/jvm/internal/impl/descriptors/ModuleDescriptor;Lkotlin/reflect/jvm/internal/impl/serialization/deserialization/DeserializationConfiguration;Lkotlin/reflect/jvm/internal/impl/load/kotlin/JavaClassDataFinder;Lkotlin/reflect/jvm/internal/impl/load/kotlin/BinaryClassAnnotationAndConstantLoaderImpl;Lkotlin/reflect/jvm/internal/impl/load/java/lazy/LazyJavaPackageFragmentProvider;Lkotlin/reflect/jvm/internal/impl/descriptors/NotFoundClasses;Lkotlin/reflect/jvm/internal/impl/serialization/deserialization/ErrorReporter;Lkotlin/reflect/jvm/internal/impl/incremental/components/LookupTracker;Lkotlin/reflect/jvm/internal/impl/serialization/deserialization/ContractDeserializer;Lkotlin/reflect/jvm/internal/impl/types/checker/NewKotlinTypeChecker;)V+175
j  kotlin.reflect.jvm.internal.impl.load.kotlin.DeserializationComponentsForJavaKt.makeDeserializationComponentsForJava(Lkotlin/reflect/jvm/internal/impl/descriptors/ModuleDescriptor;Lkotlin/reflect/jvm/internal/impl/storage/StorageManager;Lkotlin/reflect/jvm/internal/impl/descriptors/NotFoundClasses;Lkotlin/reflect/jvm/internal/impl/load/java/lazy/LazyJavaPackageFragmentProvider;Lkotlin/reflect/jvm/internal/impl/load/kotlin/KotlinClassFinder;Lkotlin/reflect/jvm/internal/impl/load/kotlin/DeserializedDescriptorResolver;Lkotlin/reflect/jvm/internal/impl/serialization/deserialization/ErrorReporter;)Lkotlin/reflect/jvm/internal/impl/load/kotlin/DeserializationComponentsForJava;+113
j  kotlin.reflect.jvm.internal.impl.load.kotlin.DeserializationComponentsForJava$Companion.createModuleData(Lkotlin/reflect/jvm/internal/impl/load/kotlin/KotlinClassFinder;Lkotlin/reflect/jvm/internal/impl/load/kotlin/KotlinClassFinder;Lkotlin/reflect/jvm/internal/impl/load/java/JavaClassFinder;Ljava/lang/String;Lkotlin/reflect/jvm/internal/impl/serialization/deserialization/ErrorReporter;Lkotlin/reflect/jvm/internal/impl/load/java/sources/JavaSourceElementFactory;)Lkotlin/reflect/jvm/internal/impl/load/kotlin/DeserializationComponentsForJava$Companion$ModuleData;+240
j  kotlin.reflect.jvm.internal.impl.descriptors.runtime.components.RuntimeModuleData$Companion.create(Ljava/lang/ClassLoader;)Lkotlin/reflect/jvm/internal/impl/descriptors/runtime/components/RuntimeModuleData;+77
j  kotlin.reflect.jvm.internal.ModuleByClassLoaderKt.getOrCreateModule(Ljava/lang/Class;)Lkotlin/reflect/jvm/internal/impl/descriptors/runtime/components/RuntimeModuleData;+84
j  kotlin.reflect.jvm.internal.KDeclarationContainerImpl$Data$moduleData$2.invoke()Lkotlin/reflect/jvm/internal/impl/descriptors/runtime/components/RuntimeModuleData;+7
j  kotlin.reflect.jvm.internal.KDeclarationContainerImpl$Data$moduleData$2.invoke()Ljava/lang/Object;+1
j  kotlin.reflect.jvm.internal.ReflectProperties$LazySoftVal.invoke()Ljava/lang/Object;+28
j  kotlin.reflect.jvm.internal.ReflectProperties$Val.getValue(Ljava/lang/Object;Ljava/lang/Object;)Ljava/lang/Object;+1
j  kotlin.reflect.jvm.internal.KDeclarationContainerImpl$Data.getModuleData()Lkotlin/reflect/jvm/internal/impl/descriptors/runtime/components/RuntimeModuleData;+10
j  kotlin.reflect.jvm.internal.KClassImpl$Data$descriptor$2.invoke()Lkotlin/reflect/jvm/internal/impl/descriptors/ClassDescriptor;+21
j  kotlin.reflect.jvm.internal.KClassImpl$Data$descriptor$2.invoke()Ljava/lang/Object;+1
j  kotlin.reflect.jvm.internal.ReflectProperties$LazySoftVal.invoke()Ljava/lang/Object;+28
j  kotlin.reflect.jvm.internal.ReflectProperties$Val.getValue(Ljava/lang/Object;Ljava/lang/Object;)Ljava/lang/Object;+1
j  kotlin.reflect.jvm.internal.KClassImpl$Data.getDescriptor()Lkotlin/reflect/jvm/internal/impl/descriptors/ClassDescriptor;+10
j  kotlin.reflect.jvm.internal.KClassImpl.getDescriptor()Lkotlin/reflect/jvm/internal/impl/descriptors/ClassDescriptor;+10
j  kotlin.reflect.jvm.internal.KClassImpl.getMemberScope$kotlin_reflection()Lkotlin/reflect/jvm/internal/impl/resolve/scopes/MemberScope;+1
j  kotlin.reflect.jvm.internal.KClassImpl.getProperties(Lkotlin/reflect/jvm/internal/impl/name/Name;)Ljava/util/Collection;+7
j  kotlin.reflect.jvm.internal.KDeclarationContainerImpl.findPropertyDescriptor(Ljava/lang/String;Ljava/lang/String;)Lkotlin/reflect/jvm/internal/impl/descriptors/PropertyDescriptor;+131
j  kotlin.reflect.jvm.internal.KPropertyImpl$_descriptor$1.invoke()Lkotlin/reflect/jvm/internal/impl/descriptors/PropertyDescriptor;+21
j  kotlin.reflect.jvm.internal.KPropertyImpl$_descriptor$1.invoke()Ljava/lang/Object;+1
j  kotlin.reflect.jvm.internal.ReflectProperties$LazySoftVal.invoke()Ljava/lang/Object;+28
j  kotlin.reflect.jvm.internal.KPropertyImpl.getDescriptor()Lkotlin/reflect/jvm/internal/impl/descriptors/PropertyDescriptor;+4
j  kotlin.reflect.jvm.internal.KPropertyImpl$_javaField$1.invoke()Ljava/lang/reflect/Field;+7
j  kotlin.reflect.jvm.internal.KPropertyImpl$_javaField$1.invoke()Ljava/lang/Object;+1
j  kotlin.reflect.jvm.internal.ReflectProperties$LazyVal.invoke()Ljava/lang/Object;+19
j  kotlin.reflect.jvm.internal.KPropertyImpl.getJavaField()Ljava/lang/reflect/Field;+4
j  kotlin.reflect.jvm.ReflectJvmMapping.getJavaField(Lkotlin/reflect/KProperty;)Ljava/lang/reflect/Field;+20
j  org.jetbrains.kotlin.cli.common.arguments.ArgumentUtilsKt.getArgumentAnnotation(Lkotlin/reflect/KProperty1;)Lorg/jetbrains/kotlin/cli/common/arguments/Argument;+11
j  org.jetbrains.kotlin.cli.common.arguments.ArgumentUtilsKt.getCliArgument(Lkotlin/reflect/KProperty1;)Ljava/lang/String;+8
j  org.jetbrains.kotlin.cli.common.ArgumentsKt.<clinit>()V+6
v  ~StubRoutines::call_stub 0x000002ae749f100d
j  org.jetbrains.kotlin.cli.common.CLICompiler.exec(Lorg/jetbrains/kotlin/cli/common/messages/MessageCollector;Lorg/jetbrains/kotlin/config/Services;Lorg/jetbrains/kotlin/cli/common/arguments/CommonCompilerArguments;)Lorg/jetbrains/kotlin/cli/common/ExitCode;+80
j  org.jetbrains.kotlin.cli.common.CLICompiler.exec(Ljava/io/PrintStream;Lorg/jetbrains/kotlin/config/Services;Lorg/jetbrains/kotlin/cli/common/messages/MessageRenderer;[Ljava/lang/String;)Lorg/jetbrains/kotlin/cli/common/ExitCode;+259
j  org.jetbrains.kotlin.cli.common.CLICompiler.exec(Ljava/io/PrintStream;Lorg/jetbrains/kotlin/cli/common/messages/MessageRenderer;[Ljava/lang/String;)Lorg/jetbrains/kotlin/cli/common/ExitCode;+26
j  org.jetbrains.kotlin.cli.common.CLICompiler$Companion.doMainNoExit(Lorg/jetbrains/kotlin/cli/common/CLICompiler;[Ljava/lang/String;Lorg/jetbrains/kotlin/cli/common/messages/MessageRenderer;)Lorg/jetbrains/kotlin/cli/common/ExitCode;+39
j  org.jetbrains.kotlin.cli.common.CLICompiler$Companion.doMainNoExit$default(Lorg/jetbrains/kotlin/cli/common/CLICompiler$Companion;Lorg/jetbrains/kotlin/cli/common/CLICompiler;[Ljava/lang/String;Lorg/jetbrains/kotlin/cli/common/messages/MessageRenderer;ILjava/lang/Object;)Lorg/jetbrains/kotlin/cli/common/ExitCode;+16
j  org.jetbrains.kotlin.cli.common.CLICompiler$Companion.doMain(Lorg/jetbrains/kotlin/cli/common/CLICompiler;[Ljava/lang/String;)V+54
j  org.jetbrains.kotlin.cli.jvm.K2JVMCompiler$Companion.main([Ljava/lang/String;)V+20
j  org.jetbrains.kotlin.cli.jvm.K2JVMCompiler.main([Ljava/lang/String;)V+4
v  ~StubRoutines::call_stub 0x000002ae749f100d

Compiled method (n/a) 7188  371     n 0       java.lang.ClassLoader::defineClass1 (native)
 total in heap  [0x000002ae7515b090,0x000002ae7515b628] = 1432
 relocation     [0x000002ae7515b1f0,0x000002ae7515b228] = 56
 main code      [0x000002ae7515b240,0x000002ae7515b621] = 993
 stub code      [0x000002ae7515b621,0x000002ae7515b628] = 7

[Constant Pool (empty)]

[MachCode]
[Entry Point]
  # {method} {0x000002ae05025040} 'defineClass1' '(Ljava/lang/ClassLoader;Ljava/lang/String;[BIILjava/security/ProtectionDomain;Ljava/lang/String;)Ljava/lang/Class;' in 'java/lang/ClassLoader'
  # parm0:    rdx:rdx   = 'java/lang/ClassLoader'
  # parm1:    r8:r8     = 'java/lang/String'
  # parm2:    r9:r9     = '[B'
  # parm3:    rdi       = int
  # parm4:    rsi       = int
  # parm5:    rcx:rcx   = 'java/security/ProtectionDomain'
  # parm6:    [sp+0xa0]   = 'java/lang/String'  (sp of caller)
  0x000002ae7515b240: 448b 5208 | 49bb 0000 | 0000 0800 | 0000 4d03 | d349 3bc2 | 0f84 0600 

  0x000002ae7515b258: ;   {runtime_call ic_miss_stub}
  0x000002ae7515b258: 0000 e921 | 358e ff90 
[Verified Entry Point]
  0x000002ae7515b260: 8984 2400 | 80ff ff55 | 488b ec48 | 81ec 9000 | 0000 6690 | 4181 7f20 | 0100 0000 

  0x000002ae7515b27c: ;   {runtime_call StubRoutines (final stubs)}
  0x000002ae7515b27c: 7405 e85d | 008d ff48 | 837d 1000 | 488d 4510 | 480f 4445 | 1048 8944 | 2440 4889 | 4c24 7048 
  0x000002ae7515b29c: 83f9 0048 | 8d44 2470 | 480f 4444 | 2470 4889 | 4424 3848 | 8974 2430 | 4889 7c24 | 284c 894c 
  0x000002ae7515b2bc: 2458 4983 | f900 488d | 4424 5848 | 0f44 4424 | 5848 8944 | 2420 4c89 | 4424 5049 | 83f8 004c 
  0x000002ae7515b2dc: 8d4c 2450 | 4c0f 444c | 2450 4889 | 5424 4848 | 83fa 004c | 8d44 2448 | 4c0f 4444 

  0x000002ae7515b2f8: ;   {oop(a 'java/lang/Class'{0x0000000715800f20} = 'java/lang/ClassLoader')}
  0x000002ae7515b2f8: 2448 49be | 200f 8015 | 0700 0000 | 4c89 7424 | 784c 8d74 | 2478 498b | d6c5 f877 

  0x000002ae7515b314: ;   {internal_word}
  0x000002ae7515b314: 49ba 11b3 | 1575 ae02 | 0000 4d89 | 97a8 0300 | 0049 89a7 | a003 0000 

  0x000002ae7515b32c: ;   {external_word}
  0x000002ae7515b32c: 49ba a8fa | 7deb fa7f | 0000 4180 | 3a00 0f84 | 4e00 0000 | 5241 5041 

  0x000002ae7515b344: ;   {metadata({method} {0x000002ae05025040} 'defineClass1' '(Ljava/lang/ClassLoader;Ljava/lang/String;[BIILjava/security/ProtectionDomain;Ljava/lang/String;)Ljava/lang/Class;' in 'java/lang/ClassLoader')}
  0x000002ae7515b344: 5148 ba38 | 5002 05ae | 0200 0049 | 8bcf 4883 | ec20 40f6 | c40f 0f84 | 1900 0000 | 4883 ec08 
  0x000002ae7515b364: ;   {runtime_call}
  0x000002ae7515b364: 48b8 30e9 | 37eb fa7f | 0000 ffd0 | 4883 c408 | e90c 0000 

  0x000002ae7515b378: ;   {runtime_call}
  0x000002ae7515b378: 0048 b830 | e937 ebfa | 7f00 00ff | d048 83c4 | 2041 5941 | 585a 498d | 8fc0 0300 | 0041 c787 
  0x000002ae7515b398: 4c04 0000 | 0400 0000 

  0x000002ae7515b3a0: ;   {runtime_call}
  0x000002ae7515b3a0: 48b8 ac16 | 9424 fb7f | 0000 ffd0 | c5f8 7741 | c787 4c04 | 0000 0500 | 0000 f083 | 4424 c000 
  0x000002ae7515b3c0: 493b af50 | 0400 000f | 870e 0000 | 0041 83bf | 4804 0000 | 000f 842b | 0000 00c5 | f877 4889 
  0x000002ae7515b3e0: 45f8 498b | cf4c 8be4 | 4883 ec20 | 4883 e4f0 

  0x000002ae7515b3f0: ;   {runtime_call}
  0x000002ae7515b3f0: 48b8 e01e | 03eb fa7f | 0000 ffd0 | 498b e44d | 33e4 488b | 45f8 41c7 | 874c 0400 | 0008 0000 
  0x000002ae7515b410: 0041 83bf | c804 0000 | 020f 84d5 

  0x000002ae7515b41c: ;   {external_word}
  0x000002ae7515b41c: 0100 0049 | baa8 fa7d | ebfa 7f00 | 0041 803a | 000f 844c | 0000 0048 

  0x000002ae7515b434: ;   {metadata({method} {0x000002ae05025040} 'defineClass1' '(Ljava/lang/ClassLoader;Ljava/lang/String;[BIILjava/security/ProtectionDomain;Ljava/lang/String;)Ljava/lang/Class;' in 'java/lang/ClassLoader')}
  0x000002ae7515b434: 8945 f848 | ba38 5002 | 05ae 0200 | 0049 8bcf | 4883 ec20 | 40f6 c40f | 0f84 1900 | 0000 4883 
  0x000002ae7515b454: ;   {runtime_call}
  0x000002ae7515b454: ec08 48b8 | 30e9 37eb | fa7f 0000 | ffd0 4883 | c408 e90c 

  0x000002ae7515b468: ;   {runtime_call}
  0x000002ae7515b468: 0000 0048 | b830 e937 | ebfa 7f00 | 00ff d048 | 83c4 2048 | 8b45 f849 | c787 a003 | 0000 0000 
  0x000002ae7515b488: 0000 49c7 | 87a8 0300 | 0000 0000 | 00c5 f877 | 4885 c00f | 8430 0100 | 00a8 030f | 8508 0000 
  0x000002ae7515b4a8: 0048 8b00 | e920 0100 | 00a8 010f | 8509 0000 | 0048 8b40 | fee9 0f01 | 0000 488b | 40ff 4180 
  0x000002ae7515b4c8: 7f40 000f | 8400 0100 | 0048 83f8 | 000f 84f6 | 0000 0049 | 8b4f 2848 | 83f9 000f | 8414 0000 
  0x000002ae7515b4e8: 0048 83e9 | 0849 894f | 2849 034f | 3848 8901 | e9d4 0000 | 0048 83ec | 7048 8904 | 2448 894c 
  0x000002ae7515b508: 2408 4889 | 5424 104c | 8944 2418 | 4c89 4c24 | 204c 8954 | 2428 4c89 | 5c24 30c5 | fb11 4424 
  0x000002ae7515b528: 40c5 fb11 | 4c24 48c5 | fb11 5424 | 50c5 fb11 | 5c24 58c5 | fb11 6424 | 60c5 fb11 | 6c24 6849 
  0x000002ae7515b548: 8bd7 488b | c848 83ec | 2040 f6c4 | 0f0f 8419 | 0000 0048 

  0x000002ae7515b55c: ;   {runtime_call}
  0x000002ae7515b55c: 83ec 0848 | b800 2af6 | eafa 7f00 | 00ff d048 | 83c4 08e9 | 0c00 0000 

  0x000002ae7515b574: ;   {runtime_call}
  0x000002ae7515b574: 48b8 002a | f6ea fa7f | 0000 ffd0 | 4883 c420 | c5fb 106c | 2468 c5fb | 1064 2460 | c5fb 105c 
  0x000002ae7515b594: 2458 c5fb | 1054 2450 | c5fb 104c | 2448 c5fb | 1044 2440 | 4c8b 5c24 | 304c 8b54 | 2428 4c8b 
  0x000002ae7515b5b4: 4c24 204c | 8b44 2418 | 488b 5424 | 1048 8b4c | 2408 488b | 0424 4883 | c470 c5f8 | 7749 8b8f 
  0x000002ae7515b5d4: 3004 0000 | c781 0001 | 0000 0000 | 0000 c949 | 837f 0800 | 0f85 0100 

  0x000002ae7515b5ec: ;   {runtime_call StubRoutines (initial stubs)}
  0x000002ae7515b5ec: 0000 c3e9 | 0c59 89ff | c5f8 7748 | 8945 f84c | 8be4 4883 | ec20 4883 

  0x000002ae7515b604: ;   {runtime_call}
  0x000002ae7515b604: e4f0 48b8 | 8020 38eb | fa7f 0000 | ffd0 498b | e44d 33e4 | 488b 45f8 | e9fe fdff | fff4 f4f4 
  0x000002ae7515b624: f4f4 f4f4 
[/MachCode]


Compiled method (c1) 7207  873       3       java.lang.ClassLoader::defineClass (43 bytes)
 total in heap  [0x000002ae6d70d210,0x000002ae6d70db88] = 2424
 relocation     [0x000002ae6d70d370,0x000002ae6d70d410] = 160
 main code      [0x000002ae6d70d420,0x000002ae6d70d8c0] = 1184
 stub code      [0x000002ae6d70d8c0,0x000002ae6d70d938] = 120
 metadata       [0x000002ae6d70d938,0x000002ae6d70d978] = 64
 scopes data    [0x000002ae6d70d978,0x000002ae6d70da68] = 240
 scopes pcs     [0x000002ae6d70da68,0x000002ae6d70db48] = 224
 dependencies   [0x000002ae6d70db48,0x000002ae6d70db60] = 24
 nul chk table  [0x000002ae6d70db60,0x000002ae6d70db88] = 40

[Constant Pool (empty)]

[MachCode]
[Entry Point]
  # {method} {0x000002ae05024e60} 'defineClass' '(Ljava/lang/String;[BIILjava/security/ProtectionDomain;)Ljava/lang/Class;' in 'java/lang/ClassLoader'
  # this:     rdx:rdx   = 'java/lang/ClassLoader'
  # parm0:    r8:r8     = 'java/lang/String'
  # parm1:    r9:r9     = '[B'
  # parm2:    rdi       = int
  # parm3:    rsi       = int
  # parm4:    rcx:rcx   = 'java/security/ProtectionDomain'
  #           [sp+0xc0]  (sp of caller)
  0x000002ae6d70d420: 448b 5208 | 49bb 0000 | 0000 0800 | 0000 4d03 | d34c 3bd0 

  0x000002ae6d70d434: ;   {runtime_call ic_miss_stub}
  0x000002ae6d70d434: 0f85 4613 | 3307 660f | 1f44 0000 
[Verified Entry Point]
  0x000002ae6d70d440: 8984 2400 | 80ff ff55 | 4881 ecb0 | 0000 0090 | 4181 7f20 | 0100 0000 

  0x000002ae6d70d458: ;   {runtime_call StubRoutines (final stubs)}
  0x000002ae6d70d458: 7405 e881 | de31 0748 | 8954 2478 

  0x000002ae6d70d464: ;   {metadata(method data for {method} {0x000002ae05024e60} 'defineClass' '(Ljava/lang/String;[BIILjava/security/ProtectionDomain;)Ljava/lang/Class;' in 'java/lang/ClassLoader')}
  0x000002ae6d70d464: 48bb c0bc | 9a05 ae02 | 0000 8b83 | cc00 0000 | 83c0 0289 | 83cc 0000 | 0025 fe07 | 0000 85c0 
  0x000002ae6d70d484: 0f84 5803 | 0000 89b4 | 2494 0000 | 0089 bc24 | 9000 0000 | 4c89 8c24 | 8800 0000 

  0x000002ae6d70d4a0: ;   {metadata(method data for {method} {0x000002ae05024e60} 'defineClass' '(Ljava/lang/String;[BIILjava/security/ProtectionDomain;)Ljava/lang/Class;' in 'java/lang/ClassLoader')}
  0x000002ae6d70d4a0: 488b da48 | b8c0 bc9a | 05ae 0200 | 0048 8380 | 1001 0000 | 0149 8bd8 | 4c8b c34c | 8bc9 488b 
  0x000002ae6d70d4c0: ca48 8bd1 | 4889 9c24 | 8000 0000 

  0x000002ae6d70d4cc: ;   {optimized virtual_call}
  0x000002ae6d70d4cc: 6666 90e8 

  0x000002ae6d70d4d0: ; ImmutableOopMap {[120]=Oop [128]=Oop [136]=Oop }
                      ;*invokevirtual preDefineClass {reexecute=0 rethrow=0 return_oop=0}
                      ; - java.lang.ClassLoader::defineClass@4
  0x000002ae6d70d4d0: cc0a 0000 

  0x000002ae6d70d4d4: ;   {other}
  0x000002ae6d70d4d4: 0f1f 8400 | c402 0000 | 4889 8424 | 9800 0000 | 488b 5424 

  0x000002ae6d70d4e8: ;   {metadata(method data for {method} {0x000002ae05024e60} 'defineClass' '(Ljava/lang/String;[BIILjava/security/ProtectionDomain;)Ljava/lang/Class;' in 'java/lang/ClassLoader')}
  0x000002ae6d70d4e8: 7849 b8c0 | bc9a 05ae | 0200 0049 | 8380 4801 

  0x000002ae6d70d4f8: ;   {metadata(method data for {method} {0x000002ae05024c80} 'defineClassSourceLocation' '(Ljava/security/ProtectionDomain;)Ljava/lang/String;' in 'java/lang/ClassLoader')}
  0x000002ae6d70d4f8: 0000 0149 | b8d8 c39a | 05ae 0200 | 0041 8b90 | cc00 0000 | 83c2 0241 | 8990 cc00 | 0000 81e2 
  0x000002ae6d70d518: feff 1f00 | 85d2 0f84 | df02 0000 

  0x000002ae6d70d524: ; implicit exception: dispatches to 0x000002ae6d70d824
  0x000002ae6d70d524: 483b 004c 

  0x000002ae6d70d528: ;   {metadata(method data for {method} {0x000002ae05024c80} 'defineClassSourceLocation' '(Ljava/security/ProtectionDomain;)Ljava/lang/String;' in 'java/lang/ClassLoader')}
  0x000002ae6d70d528: 8bc0 48ba | d8c3 9a05 | ae02 0000 | 4883 8210 | 0100 0001 | 448b 4010 | 49c1 e003 

  0x000002ae6d70d544: ;   {metadata(method data for {method} {0x000002ae05024c80} 'defineClassSourceLocation' '(Ljava/security/ProtectionDomain;)Ljava/lang/String;' in 'java/lang/ClassLoader')}
  0x000002ae6d70d544: 4d85 c048 | bad8 c39a | 05ae 0200 | 0048 c7c6 | 5801 0000 | 7507 48c7 | c648 0100 | 0048 8b3c 
  0x000002ae6d70d564: 3248 8d7f | 0148 893c | 320f 850f 

  0x000002ae6d70d570: ;   {oop(nullptr)}
  0x000002ae6d70d570: 0000 0048 | bb00 0000 | 0000 0000 | 00e9 a501 | 0000 493b | 0049 8bd0 

  0x000002ae6d70d588: ;   {metadata(method data for {method} {0x000002ae05024c80} 'defineClassSourceLocation' '(Ljava/security/ProtectionDomain;)Ljava/lang/String;' in 'java/lang/ClassLoader')}
  0x000002ae6d70d588: 48be d8c3 | 9a05 ae02 | 0000 4883 | 8668 0100 | 0001 418b | 500c 48c1 | e203 4885 

  0x000002ae6d70d5a4: ;   {metadata(method data for {method} {0x000002ae05024c80} 'defineClassSourceLocation' '(Ljava/security/ProtectionDomain;)Ljava/lang/String;' in 'java/lang/ClassLoader')}
  0x000002ae6d70d5a4: d248 bed8 | c39a 05ae | 0200 0048 | c7c7 b001 | 0000 7507 | 48c7 c7a0 | 0100 0048 | 8b1c 3e48 
  0x000002ae6d70d5c4: 8d5b 0148 | 891c 3e0f | 850f 0000 

  0x000002ae6d70d5d0: ;   {oop(nullptr)}
  0x000002ae6d70d5d0: 0048 bb00 | 0000 0000 | 0000 00e9 | 4701 0000 

  0x000002ae6d70d5e0: ;   {metadata(method data for {method} {0x000002ae05024c80} 'defineClassSourceLocation' '(Ljava/security/ProtectionDomain;)Ljava/lang/String;' in 'java/lang/ClassLoader')}
  0x000002ae6d70d5e0: 48be d8c3 | 9a05 ae02 | 0000 4883 | 86c0 0100 | 0001 483b | 024c 8bc2 

  0x000002ae6d70d5f8: ;   {metadata(method data for {method} {0x000002ae05024c80} 'defineClassSourceLocation' '(Ljava/security/ProtectionDomain;)Ljava/lang/String;' in 'java/lang/ClassLoader')}
  0x000002ae6d70d5f8: 48be d8c3 | 9a05 ae02 | 0000 4883 | 86f8 0100 

  0x000002ae6d70d608: ;   {metadata(method data for {method} {0x000002ae050f5d98} 'toString' '()Ljava/lang/String;' in 'java/net/URL')}
  0x000002ae6d70d608: 0001 49b8 | b81c 9705 | ae02 0000 | 418b b0cc | 0000 0083 | c602 4189 | b0cc 0000 | 0081 e6fe 
  0x000002ae6d70d628: ff1f 0085 | f60f 8400 | 0200 004c 

  0x000002ae6d70d634: ;   {metadata(method data for {method} {0x000002ae050f5d98} 'toString' '()Ljava/lang/String;' in 'java/net/URL')}
  0x000002ae6d70d634: 8bc2 48be | b81c 9705 | ae02 0000 | 4883 8610 | 0100 0001 

  0x000002ae6d70d648: ;   {metadata(method data for {method} {0x000002ae050f5e50} 'toExternalForm' '()Ljava/lang/String;' in 'java/net/URL')}
  0x000002ae6d70d648: 49b8 401e | 9705 ae02 | 0000 418b | b0cc 0000 | 0083 c602 | 4189 b0cc | 0000 0081 | e6fe ff1f 
  0x000002ae6d70d668: 0085 f60f | 84e3 0100 | 008b 7238 | 48c1 e603 

  0x000002ae6d70d678: ; implicit exception: dispatches to 0x000002ae6d70d875
  0x000002ae6d70d678: 483b 064c 

  0x000002ae6d70d67c: ;   {metadata(method data for {method} {0x000002ae050f5e50} 'toExternalForm' '()Ljava/lang/String;' in 'java/net/URL')}
  0x000002ae6d70d67c: 8bc6 48bf | 401e 9705 | ae02 0000 | 458b 4008 | 49ba 0000 | 0000 0800 | 0000 4d03 | c24c 3b87 
  0x000002ae6d70d69c: 2001 0000 | 750d 4883 | 8728 0100 | 0001 e960 | 0000 004c | 3b87 3001 | 0000 750d | 4883 8738 
  0x000002ae6d70d6bc: 0100 0001 | e94a 0000 | 0048 83bf | 2001 0000 | 0075 174c | 8987 2001 | 0000 48c7 | 8728 0100 
  0x000002ae6d70d6dc: 0001 0000 | 00e9 2900 | 0000 4883 | bf30 0100 | 0000 7517 | 4c89 8730 | 0100 0048 | c787 3801 
  0x000002ae6d70d6fc: 0000 0100 | 0000 e908 | 0000 0048 | 8387 1001 | 0000 014c | 8bc2 488b 

  0x000002ae6d70d714: ;   {optimized virtual_call}
  0x000002ae6d70d714: d666 90e8 

  0x000002ae6d70d718: ; ImmutableOopMap {[120]=Oop [128]=Oop [136]=Oop [152]=Oop }
                      ;*invokevirtual toExternalForm {reexecute=0 rethrow=0 return_oop=0}
                      ; - java.net.URL::toExternalForm@5
                      ; - java.net.URL::toString@1
                      ; - java.lang.ClassLoader::defineClassSourceLocation@22
                      ; - java.lang.ClassLoader::defineClass@12
  0x000002ae6d70d718: 041e ffff 

  0x000002ae6d70d71c: ;   {other}
  0x000002ae6d70d71c: 0f1f 8400 | 0c05 0001 | 488b d848 | 8b84 2498 | 0000 008b | b424 9400 | 0000 8bbc | 2490 0000 
  0x000002ae6d70d73c: 004c 8b8c | 2488 0000 | 004c 8b84 | 2480 0000 | 0048 8b54 

  0x000002ae6d70d750: ;   {metadata(method data for {method} {0x000002ae05024e60} 'defineClass' '(Ljava/lang/String;[BIILjava/security/ProtectionDomain;)Ljava/lang/Class;' in 'java/lang/ClassLoader')}
  0x000002ae6d70d750: 2478 48b9 | c0bc 9a05 | ae02 0000 | 4883 8180 | 0100 0001 | 4c8b da49 | 8bd3 488b | c848 891c 
  0x000002ae6d70d770: 2466 0f1f 

  0x000002ae6d70d774: ;   {static_call}
  0x000002ae6d70d774: 4400 00e8 

  0x000002ae6d70d778: ; ImmutableOopMap {[120]=Oop [152]=Oop }
                      ;*invokestatic defineClass1 {reexecute=0 rethrow=0 return_oop=0}
                      ; - java.lang.ClassLoader::defineClass@27
  0x000002ae6d70d778: e4da a407 

  0x000002ae6d70d77c: ;   {other}
  0x000002ae6d70d77c: 0f1f 8400 | 6c05 0002 | 488b 5424 

  0x000002ae6d70d788: ;   {metadata(method data for {method} {0x000002ae05024e60} 'defineClass' '(Ljava/lang/String;[BIILjava/security/ProtectionDomain;)Ljava/lang/Class;' in 'java/lang/ClassLoader')}
  0x000002ae6d70d788: 7849 b8c0 | bc9a 05ae | 0200 0049 | 8380 9001 | 0000 014c | 8bc0 4c8b | 8c24 9800 | 0000 488b 
  0x000002ae6d70d7a8: 5424 7848 | 8984 24a0 | 0000 000f 

  0x000002ae6d70d7b4: ;   {optimized virtual_call}
  0x000002ae6d70d7b4: 1f40 00e8 

  0x000002ae6d70d7b8: ; ImmutableOopMap {[160]=Oop }
                      ;*invokevirtual postDefineClass {reexecute=0 rethrow=0 return_oop=0}
                      ; - java.lang.ClassLoader::defineClass@37
  0x000002ae6d70d7b8: e489 0100 

  0x000002ae6d70d7bc: ;   {other}
  0x000002ae6d70d7bc: 0f1f 8400 | ac05 0003 | 488b 8424 | a000 0000 | 4881 c4b0 | 0000 005d 

  0x000002ae6d70d7d4: ;   {poll_return}
  0x000002ae6d70d7d4: 493b a750 | 0400 000f | 8799 0000 

  0x000002ae6d70d7e0: ;   {metadata({method} {0x000002ae05024e60} 'defineClass' '(Ljava/lang/String;[BIILjava/security/ProtectionDomain;)Ljava/lang/Class;' in 'java/lang/ClassLoader')}
  0x000002ae6d70d7e0: 00c3 49ba | 584e 0205 | ae02 0000 | 4c89 5424 | 0848 c704 | 24ff ffff 

  0x000002ae6d70d7f8: ;   {runtime_call counter_overflow Runtime1 stub}
  0x000002ae6d70d7f8: ffe8 0251 

  0x000002ae6d70d7fc: ; ImmutableOopMap {rdx=Oop r8=Oop r9=Oop rcx=Oop [120]=Oop }
                      ;*synchronization entry
                      ; - java.lang.ClassLoader::defineClass@-1
  0x000002ae6d70d7fc: 3f07 e987 

  0x000002ae6d70d800: ;   {metadata({method} {0x000002ae05024c80} 'defineClassSourceLocation' '(Ljava/security/ProtectionDomain;)Ljava/lang/String;' in 'java/lang/ClassLoader')}
  0x000002ae6d70d800: fcff ff49 | ba78 4c02 | 05ae 0200 | 004c 8954 | 2408 48c7 | 0424 ffff 

  0x000002ae6d70d818: ;   {runtime_call counter_overflow Runtime1 stub}
  0x000002ae6d70d818: ffff e8e1 

  0x000002ae6d70d81c: ; ImmutableOopMap {rax=Oop [120]=Oop [128]=Oop [136]=Oop [152]=Oop }
                      ;*synchronization entry
                      ; - java.lang.ClassLoader::defineClassSourceLocation@-1
                      ; - java.lang.ClassLoader::defineClass@12
  0x000002ae6d70d81c: 503f 07e9 | 00fd ffff 

  0x000002ae6d70d824: ;   {runtime_call throw_null_pointer_exception Runtime1 stub}
  0x000002ae6d70d824: e857 1436 

  0x000002ae6d70d828: ; ImmutableOopMap {rax=Oop [120]=Oop [128]=Oop [136]=Oop [152]=Oop }
                      ;*invokevirtual getCodeSource {reexecute=0 rethrow=0 return_oop=0}
                      ; - java.lang.ClassLoader::defineClassSourceLocation@1
                      ; - java.lang.ClassLoader::defineClass@12
                      ;   {runtime_call throw_null_pointer_exception Runtime1 stub}
  0x000002ae6d70d828: 07e8 5214 

  0x000002ae6d70d82c: ; ImmutableOopMap {rax=Oop r8=Oop [120]=Oop [128]=Oop [136]=Oop [152]=Oop }
                      ;*invokevirtual getLocation {reexecute=0 rethrow=0 return_oop=0}
                      ; - java.lang.ClassLoader::defineClassSourceLocation@12
                      ; - java.lang.ClassLoader::defineClass@12
                      ;   {runtime_call throw_null_pointer_exception Runtime1 stub}
  0x000002ae6d70d82c: 3607 e84d 

  0x000002ae6d70d830: ; ImmutableOopMap {rdx=Oop [120]=Oop [128]=Oop [136]=Oop [152]=Oop }
                      ;*invokevirtual toString {reexecute=0 rethrow=0 return_oop=0}
                      ; - java.lang.ClassLoader::defineClassSourceLocation@22
                      ; - java.lang.ClassLoader::defineClass@12
                      ;   {metadata({method} {0x000002ae050f5d98} 'toString' '()Ljava/lang/String;' in 'java/net/URL')}
  0x000002ae6d70d830: 1436 0749 | ba90 5d0f | 05ae 0200 | 004c 8954 | 2408 48c7 | 0424 ffff 

  0x000002ae6d70d848: ;   {runtime_call counter_overflow Runtime1 stub}
  0x000002ae6d70d848: ffff e8b1 

  0x000002ae6d70d84c: ; ImmutableOopMap {rdx=Oop [120]=Oop [128]=Oop [136]=Oop [152]=Oop }
                      ;*synchronization entry
                      ; - java.net.URL::toString@-1
                      ; - java.lang.ClassLoader::defineClassSourceLocation@22
                      ; - java.lang.ClassLoader::defineClass@12
  0x000002ae6d70d84c: 503f 07e9 | dffd ffff 

  0x000002ae6d70d854: ;   {metadata({method} {0x000002ae050f5e50} 'toExternalForm' '()Ljava/lang/String;' in 'java/net/URL')}
  0x000002ae6d70d854: 49ba 485e | 0f05 ae02 | 0000 4c89 | 5424 0848 | c704 24ff 

  0x000002ae6d70d868: ;   {runtime_call counter_overflow Runtime1 stub}
  0x000002ae6d70d868: ffff ffe8 

  0x000002ae6d70d86c: ; ImmutableOopMap {rdx=Oop [120]=Oop [128]=Oop [136]=Oop [152]=Oop }
                      ;*synchronization entry
                      ; - java.net.URL::toExternalForm@-1
                      ; - java.net.URL::toString@1
                      ; - java.lang.ClassLoader::defineClassSourceLocation@22
                      ; - java.lang.ClassLoader::defineClass@12
  0x000002ae6d70d86c: 9050 3f07 | e9fc fdff 

  0x000002ae6d70d874: ;   {runtime_call throw_null_pointer_exception Runtime1 stub}
  0x000002ae6d70d874: ffe8 0614 

  0x000002ae6d70d878: ; ImmutableOopMap {rdx=Oop rsi=Oop [120]=Oop [128]=Oop [136]=Oop [152]=Oop }
                      ;*invokevirtual toExternalForm {reexecute=0 rethrow=0 return_oop=0}
                      ; - java.net.URL::toExternalForm@5
                      ; - java.net.URL::toString@1
                      ; - java.lang.ClassLoader::defineClassSourceLocation@22
                      ; - java.lang.ClassLoader::defineClass@12
                      ;   {internal_word}
  0x000002ae6d70d878: 3607 49ba | d4d7 706d | ae02 0000 | 4d89 9768 

  0x000002ae6d70d888: ;   {runtime_call SafepointBlob}
  0x000002ae6d70d888: 0400 00e9 | f07b 3307 | 498b 8700 | 0500 0049 | c787 0005 | 0000 0000 | 0000 49c7 | 8708 0500 
  0x000002ae6d70d8a8: 0000 0000 | 0048 81c4 | b000 0000 

  0x000002ae6d70d8b4: ;   {runtime_call unwind_exception Runtime1 stub}
  0x000002ae6d70d8b4: 5de9 c622 | 3607 f4f4 | f4f4 f4f4 
[Stub Code]
  0x000002ae6d70d8c0: ;   {no_reloc}
  0x000002ae6d70d8c0: 0f1f 4400 

  0x000002ae6d70d8c4: ;   {static_stub}
  0x000002ae6d70d8c4: 0048 bb00 | 0000 0000 

  0x000002ae6d70d8cc: ;   {runtime_call nmethod}
  0x000002ae6d70d8cc: 0000 00e9 | fbff ffff 

  0x000002ae6d70d8d4: ;   {static_stub}
  0x000002ae6d70d8d4: 48bb 0000 | 0000 0000 

  0x000002ae6d70d8dc: ;   {runtime_call nmethod}
  0x000002ae6d70d8dc: 0000 e9fb 

  0x000002ae6d70d8e0: ;   {static_stub}
  0x000002ae6d70d8e0: ffff ff48 | bb00 0000 | 0000 0000 

  0x000002ae6d70d8ec: ;   {runtime_call nmethod}
  0x000002ae6d70d8ec: 00e9 fbff 

  0x000002ae6d70d8f0: ;   {static_stub}
  0x000002ae6d70d8f0: ffff 48bb | 684d 0205 | ae02 0000 

  0x000002ae6d70d8fc: ;   {runtime_call I2C/C2I adapters}
  0x000002ae6d70d8fc: e96a d532 

  0x000002ae6d70d900: ;   {runtime_call handle_exception_from_callee Runtime1 stub}
  0x000002ae6d70d900: 07e8 7af5 

  0x000002ae6d70d904: ;   {external_word}
  0x000002ae6d70d904: 3507 48b9 | d061 58eb | fa7f 0000 | 4883 e4f0 

  0x000002ae6d70d914: ;   {runtime_call}
  0x000002ae6d70d914: 48b8 90db | 26eb fa7f | 0000 ffd0 

  0x000002ae6d70d920: ;   {section_word}
  0x000002ae6d70d920: f449 ba21 | d970 6dae | 0200 0041 

  0x000002ae6d70d92c: ;   {runtime_call DeoptimizationBlob}
  0x000002ae6d70d92c: 52e9 ee6d | 3307 f4f4 | f4f4 f4f4 
[/MachCode]


Compiled method (c1) 7246  909       3       java.security.SecureClassLoader::defineClass (16 bytes)
 total in heap  [0x000002ae6d725210,0x000002ae6d725610] = 1024
 relocation     [0x000002ae6d725370,0x000002ae6d7253c0] = 80
 main code      [0x000002ae6d7253c0,0x000002ae6d725518] = 344
 stub code      [0x000002ae6d725518,0x000002ae6d725568] = 80
 metadata       [0x000002ae6d725568,0x000002ae6d725570] = 8
 scopes data    [0x000002ae6d725570,0x000002ae6d7255b8] = 72
 scopes pcs     [0x000002ae6d7255b8,0x000002ae6d725608] = 80
 dependencies   [0x000002ae6d725608,0x000002ae6d725610] = 8

[Constant Pool (empty)]

[MachCode]
[Entry Point]
  # {method} {0x000002ae0503d7b0} 'defineClass' '(Ljava/lang/String;[BIILjava/security/CodeSource;)Ljava/lang/Class;' in 'java/security/SecureClassLoader'
  # this:     rdx:rdx   = 'java/security/SecureClassLoader'
  # parm0:    r8:r8     = 'java/lang/String'
  # parm1:    r9:r9     = '[B'
  # parm2:    rdi       = int
  # parm3:    rsi       = int
  # parm4:    rcx:rcx   = 'java/security/CodeSource'
  #           [sp+0x80]  (sp of caller)
  0x000002ae6d7253c0: 448b 5208 | 49bb 0000 | 0000 0800 | 0000 4d03 | d34c 3bd0 

  0x000002ae6d7253d4: ;   {runtime_call ic_miss_stub}
  0x000002ae6d7253d4: 0f85 a693 | 3107 660f | 1f44 0000 
[Verified Entry Point]
  0x000002ae6d7253e0: 8984 2400 | 80ff ff55 | 4883 ec70 | 4181 7f20 | 0100 0000 

  0x000002ae6d7253f4: ;   {runtime_call StubRoutines (final stubs)}
  0x000002ae6d7253f4: 7405 e8e5 

  0x000002ae6d7253f8: ;   {metadata(method data for {method} {0x000002ae0503d7b0} 'defineClass' '(Ljava/lang/String;[BIILjava/security/CodeSource;)Ljava/lang/Class;' in 'java/security/SecureClassLoader')}
  0x000002ae6d7253f8: 5e30 0748 | bbb8 489a | 05ae 0200 | 008b 83cc | 0000 0083 | c002 8983 | cc00 0000 | 25fe 0700 
  0x000002ae6d725418: 0085 c00f | 8496 0000 | 0089 7424 | 5c89 7c24 | 584c 894c | 2450 4c89 | 4424 4848 

  0x000002ae6d725434: ;   {metadata(method data for {method} {0x000002ae0503d7b0} 'defineClass' '(Ljava/lang/String;[BIILjava/security/CodeSource;)Ljava/lang/Class;' in 'java/security/SecureClassLoader')}
  0x000002ae6d725434: 8bda 48b8 | b848 9a05 | ae02 0000 | 4883 8010 | 0100 0001 | 4c8b c148 | 8bc2 488b | d048 8944 
  0x000002ae6d725454: ;   {optimized virtual_call}
  0x000002ae6d725454: 2440 90e8 

  0x000002ae6d725458: ; ImmutableOopMap {[64]=Oop [72]=Oop [80]=Oop }
                      ;*invokevirtual getProtectionDomain {reexecute=0 rethrow=0 return_oop=0}
                      ; - java.security.SecureClassLoader::defineClass@9
  0x000002ae6d725458: c45d feff 

  0x000002ae6d72545c: ;   {other}
  0x000002ae6d72545c: 0f1f 8400 | 4c02 0000 | 488b 5424 

  0x000002ae6d725468: ;   {metadata(method data for {method} {0x000002ae0503d7b0} 'defineClass' '(Ljava/lang/String;[BIILjava/security/CodeSource;)Ljava/lang/Class;' in 'java/security/SecureClassLoader')}
  0x000002ae6d725468: 4049 b8b8 | 489a 05ae | 0200 0049 | 8380 4801 | 0000 014c | 8b44 2448 | 4c8b 4c24 | 508b 7c24 
  0x000002ae6d725488: 588b 7424 | 5c48 8bc8 | 488b 5424 

  0x000002ae6d725494: ;   {optimized virtual_call}
  0x000002ae6d725494: 4066 90e8 

  0x000002ae6d725498: ; ImmutableOopMap {}
                      ;*invokevirtual defineClass {reexecute=0 rethrow=0 return_oop=0}
                      ; - java.security.SecureClassLoader::defineClass@12
  0x000002ae6d725498: a47f feff 

  0x000002ae6d72549c: ;   {other}
  0x000002ae6d72549c: 0f1f 8400 | 8c02 0001 | 4883 c470 

  0x000002ae6d7254a8: ;   {poll_return}
  0x000002ae6d7254a8: 5d49 3ba7 | 5004 0000 | 0f87 2200 

  0x000002ae6d7254b4: ;   {metadata({method} {0x000002ae0503d7b0} 'defineClass' '(Ljava/lang/String;[BIILjava/security/CodeSource;)Ljava/lang/Class;' in 'java/security/SecureClassLoader')}
  0x000002ae6d7254b4: 0000 c349 | baa8 d703 | 05ae 0200 | 004c 8954 | 2408 48c7 | 0424 ffff 

  0x000002ae6d7254cc: ;   {runtime_call counter_overflow Runtime1 stub}
  0x000002ae6d7254cc: ffff e82d 

  0x000002ae6d7254d0: ; ImmutableOopMap {rdx=Oop r8=Oop r9=Oop rcx=Oop }
                      ;*synchronization entry
                      ; - java.security.SecureClassLoader::defineClass@-1
  0x000002ae6d7254d0: d43d 07e9 | 49ff ffff 

  0x000002ae6d7254d8: ;   {internal_word}
  0x000002ae6d7254d8: 49ba a954 | 726d ae02 | 0000 4d89 | 9768 0400 

  0x000002ae6d7254e8: ;   {runtime_call SafepointBlob}
  0x000002ae6d7254e8: 00e9 92ff | 3107 498b | 8700 0500 | 0049 c787 | 0005 0000 | 0000 0000 | 49c7 8708 | 0500 0000 
  0x000002ae6d725508: 0000 0048 | 83c4 705d 

  0x000002ae6d725510: ;   {runtime_call unwind_exception Runtime1 stub}
  0x000002ae6d725510: e96b a634 | 07f4 f4f4 
[Stub Code]
  0x000002ae6d725518: ;   {no_reloc}
  0x000002ae6d725518: 48bb 0000 | 0000 0000 

  0x000002ae6d725520: ;   {runtime_call nmethod}
  0x000002ae6d725520: 0000 e9fb 

  0x000002ae6d725524: ;   {static_stub}
  0x000002ae6d725524: ffff ff48 | bb00 0000 | 0000 0000 

  0x000002ae6d725530: ;   {runtime_call nmethod}
  0x000002ae6d725530: 00e9 fbff 

  0x000002ae6d725534: ;   {runtime_call handle_exception_from_callee Runtime1 stub}
  0x000002ae6d725534: ffff e845 

  0x000002ae6d725538: ;   {external_word}
  0x000002ae6d725538: 7934 0748 | b9d0 6158 | ebfa 7f00 | 0048 83e4 

  0x000002ae6d725548: ;   {runtime_call}
  0x000002ae6d725548: f048 b890 | db26 ebfa | 7f00 00ff 

  0x000002ae6d725554: ;   {section_word}
  0x000002ae6d725554: d0f4 49ba | 5655 726d | ae02 0000 

  0x000002ae6d725560: ;   {runtime_call DeoptimizationBlob}
  0x000002ae6d725560: 4152 e9b9 | f131 07f4 
[/MachCode]


---------------  P R O C E S S  ---------------

Threads class SMR info:
_java_thread_list=0x000002ae0976e400, length=14, elements={
0x000002ae68093d40, 0x000002ae0907cdf0, 0x000002ae090a0370, 0x000002ae090a0dd0,
0x000002ae090ab830, 0x000002ae090ac290, 0x000002ae090accf0, 0x000002ae090ad750,
0x000002ae090ae4e0, 0x000002ae090af310, 0x000002ae09258770, 0x000002ae0926da80,
0x000002ae097a5e50, 0x000002ae097a6500
}

Java Threads: ( => current thread )
=>0x000002ae68093d40 JavaThread "main"                              [_thread_in_vm, id=14192, stack(0x000000ea4f400000,0x000000ea4f500000) (1024K)]
  0x000002ae0907cdf0 JavaThread "Common-Cleaner"             daemon [_thread_blocked, id=18124, stack(0x000000ea4fc00000,0x000000ea4fd00000) (1024K)]
  0x000002ae090a0370 JavaThread "Reference Handler"          daemon [_thread_blocked, id=19212, stack(0x000000ea4fd00000,0x000000ea4fe00000) (1024K)]
  0x000002ae090a0dd0 JavaThread "Finalizer"                  daemon [_thread_blocked, id=12616, stack(0x000000ea4fe00000,0x000000ea4ff00000) (1024K)]
  0x000002ae090ab830 JavaThread "Signal Dispatcher"          daemon [_thread_blocked, id=12036, stack(0x000000ea4ff00000,0x000000ea50000000) (1024K)]
  0x000002ae090ac290 JavaThread "Attach Listener"            daemon [_thread_blocked, id=832, stack(0x000000ea50000000,0x000000ea50100000) (1024K)]
  0x000002ae090accf0 JavaThread "Service Thread"             daemon [_thread_blocked, id=6580, stack(0x000000ea50100000,0x000000ea50200000) (1024K)]
  0x000002ae090ad750 JavaThread "Monitor Deflation Thread"   daemon [_thread_blocked, id=22172, stack(0x000000ea50200000,0x000000ea50300000) (1024K)]
  0x000002ae090ae4e0 JavaThread "C2 CompilerThread0"         daemon [_thread_blocked, id=22668, stack(0x000000ea50300000,0x000000ea50400000) (1024K)]
  0x000002ae090af310 JavaThread "C1 CompilerThread0"         daemon [_thread_blocked, id=20468, stack(0x000000ea50400000,0x000000ea50500000) (1024K)]
  0x000002ae09258770 JavaThread "Notification Thread"        daemon [_thread_blocked, id=3352, stack(0x000000ea50500000,0x000000ea50600000) (1024K)]
  0x000002ae0926da80 JavaThread "C1 CompilerThread1"         daemon [_thread_blocked, id=6308, stack(0x000000ea50600000,0x000000ea50700000) (1024K)]
  0x000002ae097a5e50 JavaThread "C1 CompilerThread2"         daemon [_thread_blocked, id=17996, stack(0x000000ea50700000,0x000000ea50800000) (1024K)]
  0x000002ae097a6500 JavaThread "C1 CompilerThread3"         daemon [_thread_blocked, id=9584, stack(0x000000ea50800000,0x000000ea50900000) (1024K)]
Total: 14

Other Threads:
  0x000002ae0903c310 VMThread "VM Thread"                           [id=24688, stack(0x000000ea4fb00000,0x000000ea4fc00000) (1024K)]
  0x000002ae04bde250 WatcherThread "VM Periodic Task Thread"        [id=6264, stack(0x000000ea4fa00000,0x000000ea4fb00000) (1024K)]
  0x000002ae6a4a2e40 WorkerThread "GC Thread#0"                     [id=10848, stack(0x000000ea4f500000,0x000000ea4f600000) (1024K)]
  0x000002ae6a4b4450 ConcurrentGCThread "G1 Main Marker"            [id=13464, stack(0x000000ea4f600000,0x000000ea4f700000) (1024K)]
  0x000002ae6a4b4f60 WorkerThread "G1 Conc#0"                       [id=12120, stack(0x000000ea4f700000,0x000000ea4f800000) (1024K)]
  0x000002ae04aa7e50 ConcurrentGCThread "G1 Refine#0"               [id=16012, stack(0x000000ea4f800000,0x000000ea4f900000) (1024K)]
  0x000002ae04aa87e0 ConcurrentGCThread "G1 Service"                [id=16716, stack(0x000000ea4f900000,0x000000ea4fa00000) (1024K)]
Total: 7

Threads with active compile tasks:
Total: 0

VM state: not at safepoint (normal execution)

VM Mutex/Monitor currently owned by a thread: None

Heap address: 0x0000000705e00000, size: 4002 MB, Compressed Oops mode: Zero based, Oop shift amount: 3

CDS archive(s) not mapped
Compressed class space mapped at: 0x0000000800000000-0x0000000840000000, reserved size: 1073741824
Narrow klass base: 0x0000000800000000, Narrow klass shift: 0, Narrow klass range: 0x40000000

GC Precious Log:
 CardTable entry size: 512
 Card Set container configuration: InlinePtr #cards 4 size 8 Array Of Cards #cards 16 size 48 Howl #buckets 8 coarsen threshold 3686 Howl Bitmap #cards 512 size 80 coarsen threshold 460 Card regions per heap region 1 cards per card region 4096
 CPUs: 16 total, 16 available
 Memory: 16004M
 Large Page Support: Disabled
 NUMA Support: Disabled
 Compressed Oops: Enabled (Zero based)
 Heap Region Size: 2M
 Heap Min Capacity: 8M
 Heap Initial Capacity: 252M
 Heap Max Capacity: 4002M
 Pre-touch: Disabled
 Parallel Workers: 13
 Concurrent Workers: 3
 Concurrent Refinement Workers: 13
 Periodic GC: Disabled

Heap:
 garbage-first heap   total 258048K, used 20480K [0x0000000705e00000, 0x0000000800000000)
  region size 2048K, 10 young (20480K), 0 survivors (0K)
 Metaspace       used 13057K, committed 13248K, reserved 1114112K
  class space    used 1191K, committed 1280K, reserved 1048576K

Heap Regions: E=young(eden), S=young(survivor), O=old, HS=humongous(starts), HC=humongous(continues), CS=collection set, F=free, TAMS=top-at-mark-start, PB=parsable bottom
|   0|0x0000000705e00000, 0x0000000706000000, 0x0000000706000000|100%|HS|  |TAMS 0x0000000705e00000| PB 0x0000000705e00000| Complete 
|   1|0x0000000706000000, 0x0000000706200000, 0x0000000706200000|100%|HC|  |TAMS 0x0000000706000000| PB 0x0000000706000000| Complete 
|   2|0x0000000706200000, 0x0000000706200000, 0x0000000706400000|  0%| F|  |TAMS 0x0000000706200000| PB 0x0000000706200000| Untracked 
|   3|0x0000000706400000, 0x0000000706400000, 0x0000000706600000|  0%| F|  |TAMS 0x0000000706400000| PB 0x0000000706400000| Untracked 
|   4|0x0000000706600000, 0x0000000706600000, 0x0000000706800000|  0%| F|  |TAMS 0x0000000706600000| PB 0x0000000706600000| Untracked 
|   5|0x0000000706800000, 0x0000000706800000, 0x0000000706a00000|  0%| F|  |TAMS 0x0000000706800000| PB 0x0000000706800000| Untracked 
|   6|0x0000000706a00000, 0x0000000706a00000, 0x0000000706c00000|  0%| F|  |TAMS 0x0000000706a00000| PB 0x0000000706a00000| Untracked 
|   7|0x0000000706c00000, 0x0000000706c00000, 0x0000000706e00000|  0%| F|  |TAMS 0x0000000706c00000| PB 0x0000000706c00000| Untracked 
|   8|0x0000000706e00000, 0x0000000706e00000, 0x0000000707000000|  0%| F|  |TAMS 0x0000000706e00000| PB 0x0000000706e00000| Untracked 
|   9|0x0000000707000000, 0x0000000707000000, 0x0000000707200000|  0%| F|  |TAMS 0x0000000707000000| PB 0x0000000707000000| Untracked 
|  10|0x0000000707200000, 0x0000000707200000, 0x0000000707400000|  0%| F|  |TAMS 0x0000000707200000| PB 0x0000000707200000| Untracked 
|  11|0x0000000707400000, 0x0000000707400000, 0x0000000707600000|  0%| F|  |TAMS 0x0000000707400000| PB 0x0000000707400000| Untracked 
|  12|0x0000000707600000, 0x0000000707600000, 0x0000000707800000|  0%| F|  |TAMS 0x0000000707600000| PB 0x0000000707600000| Untracked 
|  13|0x0000000707800000, 0x0000000707800000, 0x0000000707a00000|  0%| F|  |TAMS 0x0000000707800000| PB 0x0000000707800000| Untracked 
|  14|0x0000000707a00000, 0x0000000707a00000, 0x0000000707c00000|  0%| F|  |TAMS 0x0000000707a00000| PB 0x0000000707a00000| Untracked 
|  15|0x0000000707c00000, 0x0000000707c00000, 0x0000000707e00000|  0%| F|  |TAMS 0x0000000707c00000| PB 0x0000000707c00000| Untracked 
|  16|0x0000000707e00000, 0x0000000707e00000, 0x0000000708000000|  0%| F|  |TAMS 0x0000000707e00000| PB 0x0000000707e00000| Untracked 
|  17|0x0000000708000000, 0x0000000708000000, 0x0000000708200000|  0%| F|  |TAMS 0x0000000708000000| PB 0x0000000708000000| Untracked 
|  18|0x0000000708200000, 0x0000000708200000, 0x0000000708400000|  0%| F|  |TAMS 0x0000000708200000| PB 0x0000000708200000| Untracked 
|  19|0x0000000708400000, 0x0000000708400000, 0x0000000708600000|  0%| F|  |TAMS 0x0000000708400000| PB 0x0000000708400000| Untracked 
|  20|0x0000000708600000, 0x0000000708600000, 0x0000000708800000|  0%| F|  |TAMS 0x0000000708600000| PB 0x0000000708600000| Untracked 
|  21|0x0000000708800000, 0x0000000708800000, 0x0000000708a00000|  0%| F|  |TAMS 0x0000000708800000| PB 0x0000000708800000| Untracked 
|  22|0x0000000708a00000, 0x0000000708a00000, 0x0000000708c00000|  0%| F|  |TAMS 0x0000000708a00000| PB 0x0000000708a00000| Untracked 
|  23|0x0000000708c00000, 0x0000000708c00000, 0x0000000708e00000|  0%| F|  |TAMS 0x0000000708c00000| PB 0x0000000708c00000| Untracked 
|  24|0x0000000708e00000, 0x0000000708e00000, 0x0000000709000000|  0%| F|  |TAMS 0x0000000708e00000| PB 0x0000000708e00000| Untracked 
|  25|0x0000000709000000, 0x0000000709000000, 0x0000000709200000|  0%| F|  |TAMS 0x0000000709000000| PB 0x0000000709000000| Untracked 
|  26|0x0000000709200000, 0x0000000709200000, 0x0000000709400000|  0%| F|  |TAMS 0x0000000709200000| PB 0x0000000709200000| Untracked 
|  27|0x0000000709400000, 0x0000000709400000, 0x0000000709600000|  0%| F|  |TAMS 0x0000000709400000| PB 0x0000000709400000| Untracked 
|  28|0x0000000709600000, 0x0000000709600000, 0x0000000709800000|  0%| F|  |TAMS 0x0000000709600000| PB 0x0000000709600000| Untracked 
|  29|0x0000000709800000, 0x0000000709800000, 0x0000000709a00000|  0%| F|  |TAMS 0x0000000709800000| PB 0x0000000709800000| Untracked 
|  30|0x0000000709a00000, 0x0000000709a00000, 0x0000000709c00000|  0%| F|  |TAMS 0x0000000709a00000| PB 0x0000000709a00000| Untracked 
|  31|0x0000000709c00000, 0x0000000709c00000, 0x0000000709e00000|  0%| F|  |TAMS 0x0000000709c00000| PB 0x0000000709c00000| Untracked 
|  32|0x0000000709e00000, 0x0000000709e00000, 0x000000070a000000|  0%| F|  |TAMS 0x0000000709e00000| PB 0x0000000709e00000| Untracked 
|  33|0x000000070a000000, 0x000000070a000000, 0x000000070a200000|  0%| F|  |TAMS 0x000000070a000000| PB 0x000000070a000000| Untracked 
|  34|0x000000070a200000, 0x000000070a200000, 0x000000070a400000|  0%| F|  |TAMS 0x000000070a200000| PB 0x000000070a200000| Untracked 
|  35|0x000000070a400000, 0x000000070a400000, 0x000000070a600000|  0%| F|  |TAMS 0x000000070a400000| PB 0x000000070a400000| Untracked 
|  36|0x000000070a600000, 0x000000070a600000, 0x000000070a800000|  0%| F|  |TAMS 0x000000070a600000| PB 0x000000070a600000| Untracked 
|  37|0x000000070a800000, 0x000000070a800000, 0x000000070aa00000|  0%| F|  |TAMS 0x000000070a800000| PB 0x000000070a800000| Untracked 
|  38|0x000000070aa00000, 0x000000070aa00000, 0x000000070ac00000|  0%| F|  |TAMS 0x000000070aa00000| PB 0x000000070aa00000| Untracked 
|  39|0x000000070ac00000, 0x000000070ac00000, 0x000000070ae00000|  0%| F|  |TAMS 0x000000070ac00000| PB 0x000000070ac00000| Untracked 
|  40|0x000000070ae00000, 0x000000070ae00000, 0x000000070b000000|  0%| F|  |TAMS 0x000000070ae00000| PB 0x000000070ae00000| Untracked 
|  41|0x000000070b000000, 0x000000070b000000, 0x000000070b200000|  0%| F|  |TAMS 0x000000070b000000| PB 0x000000070b000000| Untracked 
|  42|0x000000070b200000, 0x000000070b200000, 0x000000070b400000|  0%| F|  |TAMS 0x000000070b200000| PB 0x000000070b200000| Untracked 
|  43|0x000000070b400000, 0x000000070b400000, 0x000000070b600000|  0%| F|  |TAMS 0x000000070b400000| PB 0x000000070b400000| Untracked 
|  44|0x000000070b600000, 0x000000070b600000, 0x000000070b800000|  0%| F|  |TAMS 0x000000070b600000| PB 0x000000070b600000| Untracked 
|  45|0x000000070b800000, 0x000000070b800000, 0x000000070ba00000|  0%| F|  |TAMS 0x000000070b800000| PB 0x000000070b800000| Untracked 
|  46|0x000000070ba00000, 0x000000070ba00000, 0x000000070bc00000|  0%| F|  |TAMS 0x000000070ba00000| PB 0x000000070ba00000| Untracked 
|  47|0x000000070bc00000, 0x000000070bc00000, 0x000000070be00000|  0%| F|  |TAMS 0x000000070bc00000| PB 0x000000070bc00000| Untracked 
|  48|0x000000070be00000, 0x000000070be00000, 0x000000070c000000|  0%| F|  |TAMS 0x000000070be00000| PB 0x000000070be00000| Untracked 
|  49|0x000000070c000000, 0x000000070c000000, 0x000000070c200000|  0%| F|  |TAMS 0x000000070c000000| PB 0x000000070c000000| Untracked 
|  50|0x000000070c200000, 0x000000070c200000, 0x000000070c400000|  0%| F|  |TAMS 0x000000070c200000| PB 0x000000070c200000| Untracked 
|  51|0x000000070c400000, 0x000000070c400000, 0x000000070c600000|  0%| F|  |TAMS 0x000000070c400000| PB 0x000000070c400000| Untracked 
|  52|0x000000070c600000, 0x000000070c600000, 0x000000070c800000|  0%| F|  |TAMS 0x000000070c600000| PB 0x000000070c600000| Untracked 
|  53|0x000000070c800000, 0x000000070c800000, 0x000000070ca00000|  0%| F|  |TAMS 0x000000070c800000| PB 0x000000070c800000| Untracked 
|  54|0x000000070ca00000, 0x000000070ca00000, 0x000000070cc00000|  0%| F|  |TAMS 0x000000070ca00000| PB 0x000000070ca00000| Untracked 
|  55|0x000000070cc00000, 0x000000070cc00000, 0x000000070ce00000|  0%| F|  |TAMS 0x000000070cc00000| PB 0x000000070cc00000| Untracked 
|  56|0x000000070ce00000, 0x000000070ce00000, 0x000000070d000000|  0%| F|  |TAMS 0x000000070ce00000| PB 0x000000070ce00000| Untracked 
|  57|0x000000070d000000, 0x000000070d000000, 0x000000070d200000|  0%| F|  |TAMS 0x000000070d000000| PB 0x000000070d000000| Untracked 
|  58|0x000000070d200000, 0x000000070d200000, 0x000000070d400000|  0%| F|  |TAMS 0x000000070d200000| PB 0x000000070d200000| Untracked 
|  59|0x000000070d400000, 0x000000070d400000, 0x000000070d600000|  0%| F|  |TAMS 0x000000070d400000| PB 0x000000070d400000| Untracked 
|  60|0x000000070d600000, 0x000000070d600000, 0x000000070d800000|  0%| F|  |TAMS 0x000000070d600000| PB 0x000000070d600000| Untracked 
|  61|0x000000070d800000, 0x000000070d800000, 0x000000070da00000|  0%| F|  |TAMS 0x000000070d800000| PB 0x000000070d800000| Untracked 
|  62|0x000000070da00000, 0x000000070da00000, 0x000000070dc00000|  0%| F|  |TAMS 0x000000070da00000| PB 0x000000070da00000| Untracked 
|  63|0x000000070dc00000, 0x000000070dc00000, 0x000000070de00000|  0%| F|  |TAMS 0x000000070dc00000| PB 0x000000070dc00000| Untracked 
|  64|0x000000070de00000, 0x000000070de00000, 0x000000070e000000|  0%| F|  |TAMS 0x000000070de00000| PB 0x000000070de00000| Untracked 
|  65|0x000000070e000000, 0x000000070e000000, 0x000000070e200000|  0%| F|  |TAMS 0x000000070e000000| PB 0x000000070e000000| Untracked 
|  66|0x000000070e200000, 0x000000070e200000, 0x000000070e400000|  0%| F|  |TAMS 0x000000070e200000| PB 0x000000070e200000| Untracked 
|  67|0x000000070e400000, 0x000000070e400000, 0x000000070e600000|  0%| F|  |TAMS 0x000000070e400000| PB 0x000000070e400000| Untracked 
|  68|0x000000070e600000, 0x000000070e600000, 0x000000070e800000|  0%| F|  |TAMS 0x000000070e600000| PB 0x000000070e600000| Untracked 
|  69|0x000000070e800000, 0x000000070e800000, 0x000000070ea00000|  0%| F|  |TAMS 0x000000070e800000| PB 0x000000070e800000| Untracked 
|  70|0x000000070ea00000, 0x000000070ea00000, 0x000000070ec00000|  0%| F|  |TAMS 0x000000070ea00000| PB 0x000000070ea00000| Untracked 
|  71|0x000000070ec00000, 0x000000070ec00000, 0x000000070ee00000|  0%| F|  |TAMS 0x000000070ec00000| PB 0x000000070ec00000| Untracked 
|  72|0x000000070ee00000, 0x000000070ee00000, 0x000000070f000000|  0%| F|  |TAMS 0x000000070ee00000| PB 0x000000070ee00000| Untracked 
|  73|0x000000070f000000, 0x000000070f000000, 0x000000070f200000|  0%| F|  |TAMS 0x000000070f000000| PB 0x000000070f000000| Untracked 
|  74|0x000000070f200000, 0x000000070f200000, 0x000000070f400000|  0%| F|  |TAMS 0x000000070f200000| PB 0x000000070f200000| Untracked 
|  75|0x000000070f400000, 0x000000070f400000, 0x000000070f600000|  0%| F|  |TAMS 0x000000070f400000| PB 0x000000070f400000| Untracked 
|  76|0x000000070f600000, 0x000000070f600000, 0x000000070f800000|  0%| F|  |TAMS 0x000000070f600000| PB 0x000000070f600000| Untracked 
|  77|0x000000070f800000, 0x000000070f800000, 0x000000070fa00000|  0%| F|  |TAMS 0x000000070f800000| PB 0x000000070f800000| Untracked 
|  78|0x000000070fa00000, 0x000000070fa00000, 0x000000070fc00000|  0%| F|  |TAMS 0x000000070fa00000| PB 0x000000070fa00000| Untracked 
|  79|0x000000070fc00000, 0x000000070fc00000, 0x000000070fe00000|  0%| F|  |TAMS 0x000000070fc00000| PB 0x000000070fc00000| Untracked 
|  80|0x000000070fe00000, 0x000000070fe00000, 0x0000000710000000|  0%| F|  |TAMS 0x000000070fe00000| PB 0x000000070fe00000| Untracked 
|  81|0x0000000710000000, 0x0000000710000000, 0x0000000710200000|  0%| F|  |TAMS 0x0000000710000000| PB 0x0000000710000000| Untracked 
|  82|0x0000000710200000, 0x0000000710200000, 0x0000000710400000|  0%| F|  |TAMS 0x0000000710200000| PB 0x0000000710200000| Untracked 
|  83|0x0000000710400000, 0x0000000710400000, 0x0000000710600000|  0%| F|  |TAMS 0x0000000710400000| PB 0x0000000710400000| Untracked 
|  84|0x0000000710600000, 0x0000000710600000, 0x0000000710800000|  0%| F|  |TAMS 0x0000000710600000| PB 0x0000000710600000| Untracked 
|  85|0x0000000710800000, 0x0000000710800000, 0x0000000710a00000|  0%| F|  |TAMS 0x0000000710800000| PB 0x0000000710800000| Untracked 
|  86|0x0000000710a00000, 0x0000000710a00000, 0x0000000710c00000|  0%| F|  |TAMS 0x0000000710a00000| PB 0x0000000710a00000| Untracked 
|  87|0x0000000710c00000, 0x0000000710c00000, 0x0000000710e00000|  0%| F|  |TAMS 0x0000000710c00000| PB 0x0000000710c00000| Untracked 
|  88|0x0000000710e00000, 0x0000000710e00000, 0x0000000711000000|  0%| F|  |TAMS 0x0000000710e00000| PB 0x0000000710e00000| Untracked 
|  89|0x0000000711000000, 0x0000000711000000, 0x0000000711200000|  0%| F|  |TAMS 0x0000000711000000| PB 0x0000000711000000| Untracked 
|  90|0x0000000711200000, 0x0000000711200000, 0x0000000711400000|  0%| F|  |TAMS 0x0000000711200000| PB 0x0000000711200000| Untracked 
|  91|0x0000000711400000, 0x0000000711400000, 0x0000000711600000|  0%| F|  |TAMS 0x0000000711400000| PB 0x0000000711400000| Untracked 
|  92|0x0000000711600000, 0x0000000711600000, 0x0000000711800000|  0%| F|  |TAMS 0x0000000711600000| PB 0x0000000711600000| Untracked 
|  93|0x0000000711800000, 0x0000000711800000, 0x0000000711a00000|  0%| F|  |TAMS 0x0000000711800000| PB 0x0000000711800000| Untracked 
|  94|0x0000000711a00000, 0x0000000711a00000, 0x0000000711c00000|  0%| F|  |TAMS 0x0000000711a00000| PB 0x0000000711a00000| Untracked 
|  95|0x0000000711c00000, 0x0000000711c00000, 0x0000000711e00000|  0%| F|  |TAMS 0x0000000711c00000| PB 0x0000000711c00000| Untracked 
|  96|0x0000000711e00000, 0x0000000711e00000, 0x0000000712000000|  0%| F|  |TAMS 0x0000000711e00000| PB 0x0000000711e00000| Untracked 
|  97|0x0000000712000000, 0x0000000712000000, 0x0000000712200000|  0%| F|  |TAMS 0x0000000712000000| PB 0x0000000712000000| Untracked 
|  98|0x0000000712200000, 0x0000000712200000, 0x0000000712400000|  0%| F|  |TAMS 0x0000000712200000| PB 0x0000000712200000| Untracked 
|  99|0x0000000712400000, 0x0000000712400000, 0x0000000712600000|  0%| F|  |TAMS 0x0000000712400000| PB 0x0000000712400000| Untracked 
| 100|0x0000000712600000, 0x0000000712600000, 0x0000000712800000|  0%| F|  |TAMS 0x0000000712600000| PB 0x0000000712600000| Untracked 
| 101|0x0000000712800000, 0x0000000712800000, 0x0000000712a00000|  0%| F|  |TAMS 0x0000000712800000| PB 0x0000000712800000| Untracked 
| 102|0x0000000712a00000, 0x0000000712a00000, 0x0000000712c00000|  0%| F|  |TAMS 0x0000000712a00000| PB 0x0000000712a00000| Untracked 
| 103|0x0000000712c00000, 0x0000000712c00000, 0x0000000712e00000|  0%| F|  |TAMS 0x0000000712c00000| PB 0x0000000712c00000| Untracked 
| 104|0x0000000712e00000, 0x0000000712e00000, 0x0000000713000000|  0%| F|  |TAMS 0x0000000712e00000| PB 0x0000000712e00000| Untracked 
| 105|0x0000000713000000, 0x0000000713000000, 0x0000000713200000|  0%| F|  |TAMS 0x0000000713000000| PB 0x0000000713000000| Untracked 
| 106|0x0000000713200000, 0x0000000713200000, 0x0000000713400000|  0%| F|  |TAMS 0x0000000713200000| PB 0x0000000713200000| Untracked 
| 107|0x0000000713400000, 0x0000000713400000, 0x0000000713600000|  0%| F|  |TAMS 0x0000000713400000| PB 0x0000000713400000| Untracked 
| 108|0x0000000713600000, 0x0000000713600000, 0x0000000713800000|  0%| F|  |TAMS 0x0000000713600000| PB 0x0000000713600000| Untracked 
| 109|0x0000000713800000, 0x0000000713800000, 0x0000000713a00000|  0%| F|  |TAMS 0x0000000713800000| PB 0x0000000713800000| Untracked 
| 110|0x0000000713a00000, 0x0000000713a00000, 0x0000000713c00000|  0%| F|  |TAMS 0x0000000713a00000| PB 0x0000000713a00000| Untracked 
| 111|0x0000000713c00000, 0x0000000713c00000, 0x0000000713e00000|  0%| F|  |TAMS 0x0000000713c00000| PB 0x0000000713c00000| Untracked 
| 112|0x0000000713e00000, 0x0000000713e00000, 0x0000000714000000|  0%| F|  |TAMS 0x0000000713e00000| PB 0x0000000713e00000| Untracked 
| 113|0x0000000714000000, 0x0000000714000000, 0x0000000714200000|  0%| F|  |TAMS 0x0000000714000000| PB 0x0000000714000000| Untracked 
| 114|0x0000000714200000, 0x0000000714200000, 0x0000000714400000|  0%| F|  |TAMS 0x0000000714200000| PB 0x0000000714200000| Untracked 
| 115|0x0000000714400000, 0x0000000714400000, 0x0000000714600000|  0%| F|  |TAMS 0x0000000714400000| PB 0x0000000714400000| Untracked 
| 116|0x0000000714600000, 0x0000000714800000, 0x0000000714800000|100%| E|  |TAMS 0x0000000714600000| PB 0x0000000714600000| Complete 
| 117|0x0000000714800000, 0x0000000714a00000, 0x0000000714a00000|100%| E|CS|TAMS 0x0000000714800000| PB 0x0000000714800000| Complete 
| 118|0x0000000714a00000, 0x0000000714c00000, 0x0000000714c00000|100%| E|CS|TAMS 0x0000000714a00000| PB 0x0000000714a00000| Complete 
| 119|0x0000000714c00000, 0x0000000714e00000, 0x0000000714e00000|100%| E|CS|TAMS 0x0000000714c00000| PB 0x0000000714c00000| Complete 
| 120|0x0000000714e00000, 0x0000000715000000, 0x0000000715000000|100%| E|CS|TAMS 0x0000000714e00000| PB 0x0000000714e00000| Complete 
| 121|0x0000000715000000, 0x0000000715200000, 0x0000000715200000|100%| E|CS|TAMS 0x0000000715000000| PB 0x0000000715000000| Complete 
| 122|0x0000000715200000, 0x0000000715400000, 0x0000000715400000|100%| E|  |TAMS 0x0000000715200000| PB 0x0000000715200000| Complete 
| 123|0x0000000715400000, 0x0000000715600000, 0x0000000715600000|100%| E|CS|TAMS 0x0000000715400000| PB 0x0000000715400000| Complete 
| 124|0x0000000715600000, 0x0000000715800000, 0x0000000715800000|100%| E|CS|TAMS 0x0000000715600000| PB 0x0000000715600000| Complete 
| 125|0x0000000715800000, 0x0000000715a00000, 0x0000000715a00000|100%| E|CS|TAMS 0x0000000715800000| PB 0x0000000715800000| Complete 

Card table byte_map: [0x000002ae7d600000,0x000002ae7dde0000] _byte_map_base: 0x000002ae79dd1000

Marking Bits: (CMBitMap*) 0x000002ae6a4a4160
 Bits: [0x000002ae00000000, 0x000002ae03e88000)

Polling page: 0x000002ae68270000

Metaspace:

Usage:
  Non-class:     11.59 MB used.
      Class:      1.16 MB used.
       Both:     12.75 MB used.

Virtual space:
  Non-class space:       64.00 MB reserved,      11.69 MB ( 18%) committed,  1 nodes.
      Class space:        1.00 GB reserved,       1.25 MB ( <1%) committed,  1 nodes.
             Both:        1.06 GB reserved,      12.94 MB (  1%) committed. 

Chunk freelists:
   Non-Class:  4.34 MB
       Class:  14.58 MB
        Both:  18.92 MB

MaxMetaspaceSize: unlimited
CompressedClassSpaceSize: 1.00 GB
Initial GC threshold: 21.00 MB
Current GC threshold: 21.00 MB
CDS: off
 - commit_granule_bytes: 65536.
 - commit_granule_words: 8192.
 - virtual_space_node_default_size: 8388608.
 - enlarge_chunks_in_place: 1.
 - use_allocation_guard: 0.


Internal statistics:

num_allocs_failed_limit: 0.
num_arena_births: 38.
num_arena_deaths: 0.
num_vsnodes_births: 2.
num_vsnodes_deaths: 0.
num_space_committed: 207.
num_space_uncommitted: 0.
num_chunks_returned_to_freelist: 0.
num_chunks_taken_from_freelist: 221.
num_chunk_merges: 0.
num_chunk_splits: 167.
num_chunks_enlarged: 144.
num_inconsistent_stats: 0.

CodeHeap 'non-profiled nmethods': size=119168Kb used=236Kb max_used=236Kb free=118931Kb
 bounds [0x000002ae75140000, 0x000002ae753b0000, 0x000002ae7c5a0000]
CodeHeap 'profiled nmethods': size=119104Kb used=1666Kb max_used=1666Kb free=117437Kb
 bounds [0x000002ae6d5a0000, 0x000002ae6d810000, 0x000002ae749f0000]
CodeHeap 'non-nmethods': size=7488Kb used=2959Kb max_used=2973Kb free=4528Kb
 bounds [0x000002ae749f0000, 0x000002ae74ce0000, 0x000002ae75140000]
CodeCache: size=245760Kb, used=4861Kb, max_used=4875Kb, free=240896Kb
 total_blobs=1410, nmethods=952, adapters=360, full_count=0
Compilation: enabled, stopped_count=0, restarted_count=0

Compilation events (20 events):
Event: 7.132 Thread 0x000002ae0926da80 nmethod 943 0x000002ae6d737710 code [0x000002ae6d7378c0, 0x000002ae6d737a90]
Event: 7.132 Thread 0x000002ae0926da80  946       3       jdk.internal.loader.URLClassPath$JarLoader$2::getCodeSigners (8 bytes)
Event: 7.132 Thread 0x000002ae097a5e50  945       3       jdk.internal.loader.Resource::getByteBuffer (24 bytes)
Event: 7.132 Thread 0x000002ae0926da80 nmethod 946 0x000002ae6d737b90 code [0x000002ae6d737d40, 0x000002ae6d737f20]
Event: 7.132 Thread 0x000002ae097a6500 nmethod 944 0x000002ae6d738010 code [0x000002ae6d738260, 0x000002ae6d738a30]
Event: 7.132 Thread 0x000002ae097a5e50 nmethod 945 0x000002ae6d738d10 code [0x000002ae6d738f20, 0x000002ae6d739698]
Event: 7.132 Thread 0x000002ae090af310 nmethod 942 0x000002ae6d739890 code [0x000002ae6d739ae0, 0x000002ae6d73a248]
Event: 7.135 Thread 0x000002ae090ae4e0  947       4       java.lang.AbstractStringBuilder::newCapacity (59 bytes)
Event: 7.137 Thread 0x000002ae090ae4e0 nmethod 947 0x000002ae7517af10 code [0x000002ae7517b0a0, 0x000002ae7517b1b8]
Event: 7.137 Thread 0x000002ae090af310  948       3       java.util.zip.ZipFile::getZipEntry (322 bytes)
Event: 7.137 Thread 0x000002ae097a5e50  949       3       java.util.jar.JavaUtilJarAccessImpl::entryFor (6 bytes)
Event: 7.138 Thread 0x000002ae097a5e50 nmethod 949 0x000002ae6d73a690 code [0x000002ae6d73a860, 0x000002ae6d73ac90]
Event: 7.138 Thread 0x000002ae097a5e50  950       3       java.util.zip.ZipUtils::CENTIM (9 bytes)
Event: 7.138 Thread 0x000002ae0926da80  951       3       java.util.zip.ZipUtils::CENCRC (9 bytes)
Event: 7.138 Thread 0x000002ae097a6500  952       3       java.util.zip.ZipUtils::CENVEM_FA (8 bytes)
Event: 7.138 Thread 0x000002ae097a6500 nmethod 952 0x000002ae6d73ae10 code [0x000002ae6d73afc0, 0x000002ae6d73b138]
Event: 7.138 Thread 0x000002ae097a6500  953       3       java.util.zip.ZipUtils::CH (8 bytes)
Event: 7.138 Thread 0x000002ae097a5e50 nmethod 950 0x000002ae6d73b210 code [0x000002ae6d73b3c0, 0x000002ae6d73b698]
Event: 7.139 Thread 0x000002ae0926da80 nmethod 951 0x000002ae6d73b810 code [0x000002ae6d73b9c0, 0x000002ae6d73bc98]
Event: 7.139 Thread 0x000002ae097a6500 nmethod 953 0x000002ae6d73be10 code [0x000002ae6d73bfa0, 0x000002ae6d73c0b8]

GC Heap History (0 events):
No events

Dll operation events (2 events):
Event: 0.019 Loaded shared library C:\Program Files\Android\Android Studio\jbr\bin\java.dll
Event: 1.089 Loaded shared library C:\Program Files\Android\Android Studio\jbr\bin\zip.dll

Deoptimization events (20 events):
Event: 2.259 Thread 0x000002ae68093d40 DEOPT PACKING pc=0x000002ae6d5bfdc9 sp=0x000000ea4f4fdcc0
Event: 2.259 Thread 0x000002ae68093d40 DEOPT UNPACKING pc=0x000002ae74a44bc2 sp=0x000000ea4f4fd130 mode 0
Event: 2.259 Thread 0x000002ae68093d40 DEOPT PACKING pc=0x000002ae6d5bfdc9 sp=0x000000ea4f4fdcc0
Event: 2.259 Thread 0x000002ae68093d40 DEOPT UNPACKING pc=0x000002ae74a44bc2 sp=0x000000ea4f4fd130 mode 0
Event: 3.110 Thread 0x000002ae68093d40 Uncommon trap: trap_request=0xffffff45 fr.pc=0x000002ae75147d70 relative=0x0000000000000850
Event: 3.110 Thread 0x000002ae68093d40 Uncommon trap: reason=unstable_if action=reinterpret pc=0x000002ae75147d70 method=java.util.zip.ZipFile$Source.checkAndAddEntry(II)I @ 50 c2
Event: 3.110 Thread 0x000002ae68093d40 DEOPT PACKING pc=0x000002ae75147d70 sp=0x000000ea4f4fea60
Event: 3.110 Thread 0x000002ae68093d40 DEOPT UNPACKING pc=0x000002ae74a44422 sp=0x000000ea4f4fe9d0 mode 2
Event: 3.143 Thread 0x000002ae68093d40 DEOPT PACKING pc=0x000002ae6d5bb97c sp=0x000000ea4f4f9b50
Event: 3.143 Thread 0x000002ae68093d40 DEOPT UNPACKING pc=0x000002ae74a44bc2 sp=0x000000ea4f4f8f70 mode 0
Event: 3.214 Thread 0x000002ae68093d40 Uncommon trap: trap_request=0xffffff45 fr.pc=0x000002ae7515236c relative=0x000000000000028c
Event: 3.214 Thread 0x000002ae68093d40 Uncommon trap: reason=unstable_if action=reinterpret pc=0x000002ae7515236c method=java.lang.StringLatin1.hashCode([B)I @ 2 c2
Event: 3.214 Thread 0x000002ae68093d40 DEOPT PACKING pc=0x000002ae7515236c sp=0x000000ea4f4fc110
Event: 3.214 Thread 0x000002ae68093d40 DEOPT UNPACKING pc=0x000002ae74a44422 sp=0x000000ea4f4fc048 mode 2
Event: 3.275 Thread 0x000002ae68093d40 DEOPT PACKING pc=0x000002ae6d5ba1cc sp=0x000000ea4f4fdc40
Event: 3.275 Thread 0x000002ae68093d40 DEOPT UNPACKING pc=0x000002ae74a44bc2 sp=0x000000ea4f4fd0a8 mode 0
Event: 4.813 Thread 0x000002ae68093d40 Uncommon trap: trap_request=0xffffff6e fr.pc=0x000002ae75156ba0 relative=0x0000000000000180
Event: 4.813 Thread 0x000002ae68093d40 Uncommon trap: reason=loop_limit_check action=maybe_recompile pc=0x000002ae75156ba0 method=java.lang.StringLatin1.lastIndexOf([BII)I @ 19 c2
Event: 4.813 Thread 0x000002ae68093d40 DEOPT PACKING pc=0x000002ae75156ba0 sp=0x000000ea4f4fc4d0
Event: 4.814 Thread 0x000002ae68093d40 DEOPT UNPACKING pc=0x000002ae74a44422 sp=0x000000ea4f4fc450 mode 2

Classes loaded (20 events):
Event: 6.842 Loading class sun/net/www/protocol/jar/URLJarFile$URLJarFileCloseController done
Event: 6.842 Loading class sun/net/www/protocol/jar/JarFileFactory done
Event: 6.843 Loading class sun/net/www/protocol/file/FileURLConnection
Event: 6.843 Loading class sun/net/www/URLConnection
Event: 6.843 Loading class sun/net/www/URLConnection done
Event: 6.843 Loading class sun/net/www/protocol/file/FileURLConnection done
Event: 6.843 Loading class sun/net/www/MessageHeader
Event: 6.844 Loading class sun/net/www/MessageHeader done
Event: 6.844 Loading class sun/net/www/protocol/jar/URLJarFile
Event: 6.844 Loading class sun/net/www/protocol/jar/URLJarFile done
Event: 6.882 Loading class sun/net/www/protocol/jar/URLJarFile$URLJarFileEntry
Event: 6.883 Loading class sun/net/www/protocol/jar/URLJarFile$URLJarFileEntry done
Event: 6.883 Loading class sun/net/www/protocol/jar/JarURLConnection$JarURLInputStream
Event: 6.883 Loading class sun/net/www/protocol/jar/JarURLConnection$JarURLInputStream done
Event: 6.935 Loading class java/util/ServiceLoader$1
Event: 6.935 Loading class java/util/ServiceLoader$1 done
Event: 6.936 Loading class java/util/ServiceLoader$ProviderImpl
Event: 6.936 Loading class java/util/ServiceLoader$Provider
Event: 6.936 Loading class java/util/ServiceLoader$Provider done
Event: 6.936 Loading class java/util/ServiceLoader$ProviderImpl done

Classes unloaded (0 events):
No events

Classes redefined (0 events):
No events

Internal exceptions (5 events):
Event: 5.421 Thread 0x000002ae68093d40 Exception <a 'java/lang/NoSuchMethodError'{0x0000000714c7e6b0}: 'void java.lang.invoke.DirectMethodHandle$Holder.invokeSpecial(java.lang.Object, java.lang.Object, int)'> (0x0000000714c7e6b0) 
thrown [s\src\hotspot\share\interpreter\linkResolver.cpp, line 784]
Event: 5.423 Thread 0x000002ae68093d40 Exception <a 'java/lang/NoSuchMethodError'{0x0000000714c83458}: 'int java.lang.invoke.DirectMethodHandle$Holder.invokeSpecial(java.lang.Object, java.lang.Object, java.lang.Object, int)'> (0x0000000714c83458) 
thrown [s\src\hotspot\share\interpreter\linkResolver.cpp, line 784]
Event: 5.429 Thread 0x000002ae68093d40 Exception <a 'java/lang/NoSuchMethodError'{0x0000000714c95dd8}: 'java.lang.Object java.lang.invoke.DirectMethodHandle$Holder.invokeStatic(java.lang.Object, java.lang.Object, java.lang.Object, java.lang.Object, int)'> (0x0000000714c95dd8) 
thrown [s\src\hotspot\share\interpreter\linkResolver.cpp, line 784]
Event: 5.432 Thread 0x000002ae68093d40 Exception <a 'java/lang/NoSuchMethodError'{0x0000000714c9e020}: 'void java.lang.invoke.DelegatingMethodHandle$Holder.reinvoke_L(java.lang.Object, java.lang.Object, int)'> (0x0000000714c9e020) 
thrown [s\src\hotspot\share\interpreter\linkResolver.cpp, line 784]
Event: 5.437 Thread 0x000002ae68093d40 Exception <a 'java/lang/NoSuchMethodError'{0x0000000714cad930}: 'void java.lang.invoke.DirectMethodHandle$Holder.invokeSpecial(java.lang.Object, java.lang.Object, java.lang.Object)'> (0x0000000714cad930) 
thrown [s\src\hotspot\share\interpreter\linkResolver.cpp, line 784]

ZGC Phase Switch (0 events):
No events

VM Operations (16 events):
Event: 2.381 Executing safepoint VM operation: Cleanup
Event: 2.396 Executing safepoint VM operation: Cleanup done
Event: 2.422 Executing non-safepoint VM operation: HandshakeAllThreads (Deoptimize)
Event: 2.422 Executing non-safepoint VM operation: HandshakeAllThreads (Deoptimize) done
Event: 3.435 Executing safepoint VM operation: Cleanup
Event: 3.450 Executing safepoint VM operation: Cleanup done
Event: 4.455 Executing safepoint VM operation: Cleanup
Event: 4.581 Executing safepoint VM operation: Cleanup done
Event: 4.808 Executing non-safepoint VM operation: HandshakeAllThreads (Deoptimize)
Event: 4.808 Executing non-safepoint VM operation: HandshakeAllThreads (Deoptimize) done
Event: 5.813 Executing safepoint VM operation: Cleanup
Event: 5.813 Executing safepoint VM operation: Cleanup done
Event: 6.822 Executing safepoint VM operation: Cleanup
Event: 6.838 Executing safepoint VM operation: Cleanup done
Event: 6.845 Executing non-safepoint VM operation: HandshakeAllThreads (Deoptimize)
Event: 6.845 Executing non-safepoint VM operation: HandshakeAllThreads (Deoptimize) done

Memory protections (0 events):
No events

Nmethod flushes (0 events):
No events

Events (20 events):
Event: 1.507 Thread 0x000002ae68093d40 Thread added: 0x000002ae090a0370
Event: 1.508 Thread 0x000002ae68093d40 Thread added: 0x000002ae090a0dd0
Event: 1.512 Thread 0x000002ae68093d40 Thread added: 0x000002ae090ab830
Event: 1.512 Thread 0x000002ae68093d40 Thread added: 0x000002ae090ac290
Event: 1.512 Thread 0x000002ae68093d40 Thread added: 0x000002ae090accf0
Event: 1.512 Thread 0x000002ae68093d40 Thread added: 0x000002ae090ad750
Event: 1.512 Thread 0x000002ae68093d40 Thread added: 0x000002ae090ae4e0
Event: 1.569 Thread 0x000002ae68093d40 Thread added: 0x000002ae090af310
Event: 1.955 Thread 0x000002ae68093d40 Thread added: 0x000002ae09258770
Event: 2.188 Loaded shared library C:\Program Files\Android\Android Studio\jbr\bin\net.dll
Event: 2.194 Loaded shared library C:\Program Files\Android\Android Studio\jbr\bin\nio.dll
Event: 2.215 Thread 0x000002ae090af310 Thread added: 0x000002ae0926da80
Event: 2.267 Thread 0x000002ae090ae4e0 Thread added: 0x000002ae092ce070
Event: 2.417 Loaded shared library C:\Program Files\Android\Android Studio\jbr\bin\zip.dll
Event: 2.450 Thread 0x000002ae092ce070 Thread exited: 0x000002ae092ce070
Event: 2.915 Loaded shared library C:\Program Files\Android\Android Studio\jbr\bin\jimage.dll
Event: 4.052 Thread 0x000002ae090ae4e0 Thread added: 0x000002ae0958bb90
Event: 4.205 Thread 0x000002ae0958bb90 Thread exited: 0x000002ae0958bb90
Event: 5.915 Thread 0x000002ae0926da80 Thread added: 0x000002ae097a5e50
Event: 5.916 Thread 0x000002ae0926da80 Thread added: 0x000002ae097a6500


Dynamic libraries:
0x00007ff7391a0000 - 0x00007ff7391aa000 	C:\Program Files\Android\Android Studio\jbr\bin\java.exe
0x00007ffb6ac60000 - 0x00007ffb6aec7000 	C:\WINDOWS\SYSTEM32\ntdll.dll
0x00007ffb68980000 - 0x00007ffb68a4b000 	C:\WINDOWS\System32\KERNEL32.DLL
0x00007ffb68480000 - 0x00007ffb68882000 	C:\WINDOWS\System32\KERNELBASE.dll
0x00007ffb68080000 - 0x00007ffb681cc000 	C:\WINDOWS\System32\ucrtbase.dll
0x00007ffb38800000 - 0x00007ffb38818000 	C:\Program Files\Android\Android Studio\jbr\bin\jli.dll
0x00007ffb6a820000 - 0x00007ffb6a9ef000 	C:\WINDOWS\System32\USER32.dll
0x00007ffb68950000 - 0x00007ffb68977000 	C:\WINDOWS\System32\win32u.dll
0x00007ffb6aa00000 - 0x00007ffb6aa2b000 	C:\WINDOWS\System32\GDI32.dll
0x00007ffb681e0000 - 0x00007ffb68309000 	C:\WINDOWS\System32\gdi32full.dll
0x00007ffb68310000 - 0x00007ffb683b3000 	C:\WINDOWS\System32\msvcp_win.dll
0x00007ffb27760000 - 0x00007ffb2777b000 	C:\Program Files\Android\Android Studio\jbr\bin\VCRUNTIME140.dll
0x00007ffb4eaf0000 - 0x00007ffb4ed80000 	C:\WINDOWS\WinSxS\amd64_microsoft.windows.common-controls_6595b64144ccf1df_6.0.26100.9278_none_3e0d1ba8e3303201\COMCTL32.dll
0x00007ffb69aa0000 - 0x00007ffb69b49000 	C:\WINDOWS\System32\msvcrt.dll
0x00007ffb69c70000 - 0x00007ffb69ca1000 	C:\WINDOWS\System32\IMM32.DLL
0x00007ffb33c40000 - 0x00007ffb33c4c000 	C:\Program Files\Android\Android Studio\jbr\bin\vcruntime140_1.dll
0x00007ffb34350000 - 0x00007ffb343dd000 	C:\Program Files\Android\Android Studio\jbr\bin\msvcp140.dll
0x00007ffaeac40000 - 0x00007ffaeb8d6000 	C:\Program Files\Android\Android Studio\jbr\bin\server\jvm.dll
0x00007ffb69770000 - 0x00007ffb6982c000 	C:\WINDOWS\System32\ADVAPI32.dll
0x00007ffb6aaa0000 - 0x00007ffb6ab49000 	C:\WINDOWS\System32\sechost.dll
0x00007ffb69310000 - 0x00007ffb69428000 	C:\WINDOWS\System32\RPCRT4.dll
0x00007ffb69b50000 - 0x00007ffb69bd0000 	C:\WINDOWS\System32\WS2_32.dll
0x00007ffb67ce0000 - 0x00007ffb67d3e000 	C:\WINDOWS\SYSTEM32\POWRPROF.dll
0x00007ffb5ba00000 - 0x00007ffb5ba36000 	C:\WINDOWS\SYSTEM32\WINMM.dll
0x00007ffb5a840000 - 0x00007ffb5a84b000 	C:\WINDOWS\SYSTEM32\VERSION.dll
0x00007ffb67cc0000 - 0x00007ffb67cd5000 	C:\WINDOWS\SYSTEM32\UMPDC.dll
0x00007ffb66b30000 - 0x00007ffb66b4b000 	C:\WINDOWS\SYSTEM32\kernel.appcore.dll
0x00007ffb31c70000 - 0x00007ffb31c7a000 	C:\Program Files\Android\Android Studio\jbr\bin\jimage.dll
0x00007ffb653a0000 - 0x00007ffb655ec000 	C:\WINDOWS\SYSTEM32\DBGHELP.DLL
0x00007ffb69cf0000 - 0x00007ffb6a075000 	C:\WINDOWS\System32\combase.dll
0x00007ffb69990000 - 0x00007ffb69a69000 	C:\WINDOWS\System32\OLEAUT32.dll
0x00007ffb50be0000 - 0x00007ffb50c1b000 	C:\WINDOWS\SYSTEM32\dbgcore.DLL
0x00007ffb683c0000 - 0x00007ffb6846c000 	C:\WINDOWS\System32\bcryptPrimitives.dll
0x00007ffb24940000 - 0x00007ffb24960000 	C:\Program Files\Android\Android Studio\jbr\bin\java.dll
0x00007ffb1e410000 - 0x00007ffb1e428000 	C:\Program Files\Android\Android Studio\jbr\bin\zip.dll
0x00007ffb6a080000 - 0x00007ffb6a818000 	C:\WINDOWS\System32\SHELL32.dll
0x00007ffb65890000 - 0x00007ffb6613e000 	C:\WINDOWS\SYSTEM32\windows.storage.dll
0x00007ffb68d80000 - 0x00007ffb68e7b000 	C:\WINDOWS\System32\SHCORE.dll
0x00007ffb6aa30000 - 0x00007ffb6aa96000 	C:\WINDOWS\System32\shlwapi.dll
0x00007ffb67d80000 - 0x00007ffb67da9000 	C:\WINDOWS\SYSTEM32\profapi.dll
0x00007ffb31140000 - 0x00007ffb31150000 	C:\Program Files\Android\Android Studio\jbr\bin\net.dll
0x00007ffb5f370000 - 0x00007ffb5f49a000 	C:\WINDOWS\SYSTEM32\WINHTTP.dll
0x00007ffb670f0000 - 0x00007ffb6715c000 	C:\WINDOWS\system32\mswsock.dll
0x00007ffb0c9d0000 - 0x00007ffb0c9e6000 	C:\Program Files\Android\Android Studio\jbr\bin\nio.dll

JVMTI agents: none

dbghelp: loaded successfully - version: 4.0.5 - missing functions: none
symbol engine: initialized successfully - sym options: 0x614 - pdb path: .;C:\Program Files\Android\Android Studio\jbr\bin;C:\WINDOWS\SYSTEM32;C:\WINDOWS\WinSxS\amd64_microsoft.windows.common-controls_6595b64144ccf1df_6.0.26100.9278_none_3e0d1ba8e3303201;C:\Program Files\Android\Android Studio\jbr\bin\server

VM Arguments:
java_command: org.jetbrains.kotlin.cli.jvm.K2JVMCompiler @D:\JP SITEPLUS\mobile-engineer\build\shared_preferences_android\20260912_6970401565605907386.compiler.options
java_class_path (initial): C:\Users\Sachin\.gradle\caches\modules-2\files-2.1\org.jetbrains.kotlin\kotlin-compiler-embeddable\2.2.20\bb8331b7585e36ea311825b01a1c06860c055fd1\kotlin-compiler-embeddable-2.2.20.jar;C:\Users\Sachin\.gradle\caches\modules-2\files-2.1\org.jetbrains.kotlin\kotlin-stdlib\2.2.20\5380b19fa1924399b62ce3a1faffebb2b4f82272\kotlin-stdlib-2.2.20.jar;C:\Users\Sachin\.gradle\caches\modules-2\files-2.1\org.jetbrains.kotlin\kotlin-script-runtime\2.2.20\4c679cbeac0bb583b75c3a080013da8eaf240807\kotlin-script-runtime-2.2.20.jar;C:\Users\Sachin\.gradle\caches\modules-2\files-2.1\org.jetbrains.kotlin\kotlin-reflect\1.6.10\1cbe9c92c12a94eea200d23c2bbaedaf3daf5132\kotlin-reflect-1.6.10.jar;C:\Users\Sachin\.gradle\caches\modules-2\files-2.1\org.jetbrains.kotlin\kotlin-daemon-embeddable\2.2.20\feff12d48d7f1eb628742b0a721395e16f8755bf\kotlin-daemon-embeddable-2.2.20.jar;C:\Users\Sachin\.gradle\caches\modules-2\files-2.1\org.jetbrains.kotlinx\kotlinx-coroutines-core-jvm\1.8.0\ac1dc37a30a93150b704022f8d895ee1bd3a36b3\kotlinx-coroutines-core-jvm-1.8.0.jar;C:\Users\Sachin\.gradle\caches\modules-2\files-2.1\org.jetbrains\annotations\13.0\919f0dfe192fb4e063e7dacadee7f8bb9a2672a9\annotations-13.0.jar
Launcher Type: SUN_STANDARD

[Global flags]
     intx CICompilerCount                          = 12                                        {product} {ergonomic}
     uint ConcGCThreads                            = 3                                         {product} {ergonomic}
     uint G1ConcRefinementThreads                  = 13                                        {product} {ergonomic}
   size_t G1HeapRegionSize                         = 2097152                                   {product} {ergonomic}
    uintx GCDrainStackTargetSize                   = 64                                        {product} {ergonomic}
   size_t InitialHeapSize                          = 264241152                                 {product} {ergonomic}
   size_t MarkStackSize                            = 4194304                                   {product} {ergonomic}
   size_t MaxHeapSize                              = 4196401152                                {product} {ergonomic}
   size_t MaxNewSize                               = 2516582400                                {product} {ergonomic}
   size_t MinHeapDeltaBytes                        = 2097152                                   {product} {ergonomic}
   size_t MinHeapSize                              = 8388608                                   {product} {ergonomic}
    uintx NonNMethodCodeHeapSize                   = 7602480                                {pd product} {ergonomic}
    uintx NonProfiledCodeHeapSize                  = 122027880                              {pd product} {ergonomic}
    uintx ProfiledCodeHeapSize                     = 122027880                              {pd product} {ergonomic}
    uintx ReservedCodeCacheSize                    = 251658240                              {pd product} {ergonomic}
     bool SegmentedCodeCache                       = true                                      {product} {ergonomic}
   size_t SoftMaxHeapSize                          = 4196401152                             {manageable} {ergonomic}
     bool UseCompressedOops                        = true                           {product lp64_product} {ergonomic}
     bool UseG1GC                                  = true                                      {product} {ergonomic}
     bool UseLargePagesIndividualAllocation        = false                                  {pd product} {ergonomic}

Logging:
Log output configuration:
 #0: stdout all=warning uptime,level,tags foldmultilines=false
 #1: stderr all=off uptime,level,tags foldmultilines=false

Release file:
JAVA_VERSION="21.0.10" 
MODULES="java.base java.compiler java.datatransfer java.xml java.prefs java.desktop java.instrument java.logging java.management java.security.sasl java.naming java.rmi java.management.rmi java.net.http java.scripting java.security.jgss java.transaction.xa java.sql java.sql.rowset java.xml.crypto java.se java.smartcardio jdk.accessibility jdk.internal.jvmstat jdk.attach jdk.charsets jdk.internal.opt jdk.zipfs jdk.compiler jdk.crypto.ec jdk.crypto.cryptoki jdk.dynalink jdk.hotspot.agent jdk.httpserver jdk.internal.ed jdk.internal.le jdk.internal.vm.ci jdk.jartool jdk.javadoc jdk.jcmd jdk.jdeps jdk.jdwp.agent jdk.jdi jdk.jfr jdk.jlink jdk.jsobject jdk.localedata jdk.management jdk.management.agent jdk.management.jfr jdk.naming.dns jdk.naming.rmi jdk.net jdk.sctp jdk.security.auth jdk.security.jgss jdk.unsupported jdk.unsupported.desktop jdk.xml.dom" 
IMPLEMENTOR="JetBrains s.r.o." 
JAVA_RUNTIME_VERSION="21.0.10+-14961533-b1163.108" 
LIBC="default" 
OS_ARCH="x86_64" 
OS_NAME="Windows" 
SOURCE=".:git:1351622c2ff2" 

Environment Variables:
JAVA_HOME=C:\Program Files\Android\Android Studio\jbr
CLASSPATH=D:\JP SITEPLUS\mobile-engineer\android\\gradle\wrapper\gradle-wrapper.jar
PATH=C:\Program Files\Android\Android Studio\jbr\bin;C:\Users\Sachin\AppData\Local\Programs\Python\Python312\Scripts\;C:\Users\Sachin\AppData\Local\Programs\Python\Python312\;C:\WINDOWS\system32;C:\WINDOWS;D:\src\flutter\bin;C:\WINDOWS\System32\Wbem;C:\WINDOWS\System32\WindowsPowerShell\v1.0\;C:\WINDOWS\System32\OpenSSH\;C:\ProgramData\chocolatey\bin;C:\Program Files\MongoDB\Server\7.0\bin;C:\Program Files\Git\cmd;C:\Program Files\Git\mingw64\bin;C:\Program Files\Git\usr\bin;C:\Program Files\nodejs\;C:\Program Files (x86)\Microsoft SQL Server\160\DTS\Binn\;C:\Program Files (x86)\Microsoft SQL Server\160\Tools\Binn\;C:\Program Files\Microsoft SQL Server\160\Tools\Binn\;C:\Program Files\Microsoft SQL Server\Client SDK\ODBC\170\Tools\Binn\;C:\Program Files\Microsoft SQL Server\160\DTS\Binn\;C:\Program Files\Microsoft SQL Server\150\Tools\Binn\;C:\Program Files\dotnet\;C:\Program Files\Android\Android Studio\jbr\bin;C:\Users\Sachin\scoop\shims;C:\Program Files\MySQL\MySQL Shell 8.0\bin\;C:\Users\Sachin\AppData\Local\Programs\Microsoft VS Code\bin;C:\MinGW\bin;C:\Users\Sachin\AppData\Local\JetBrains\IntelliJ IDEA Community Edition 2023.3.4\bin;C:\Program Files\JetBrains\PyCharm 2024.2.3\bin;C:\Users\Sachin\AppData\Local\Microsoft\WindowsApps;C:\Users\Sachin\AppData\Roaming\npm;C:\Users\Sachin\.dotnet\tools;C:\Users\Sachin\Downloads\flutter_windows_3.29.3-stable\flutter\bin;C:\Users\Sachin\AppData\Local\GitHubDesktop\bin;D:\COLLEGE DE\Antigravity\bin
USERNAME=Sachin
OS=Windows_NT
PROCESSOR_IDENTIFIER=Intel64 Family 6 Model 154 Stepping 3, GenuineIntel
TMP=C:\Users\Sachin\AppData\Local\Temp
TEMP=C:\Users\Sachin\AppData\Local\Temp




Periodic native trim disabled

JNI global refs:
JNI global refs: 16, weak refs: 0

JNI global refs memory usage: 835, weak refs: 833

Process memory usage:
Resident Set Size: 73328K (0% of 16388268K total physical memory with 665208K free physical memory)

OOME stack traces (most recent first):
Classloader memory used:
Loader bootstrap                                                                       : 8673K
Loader jdk.internal.loader.ClassLoaders$AppClassLoader                                 : 4383K

---------------  S Y S T E M  ---------------

OS:
 Windows 11 , 64 bit Build 26100 (10.0.26100.9444)
OS uptime: 2 days 1:42 hours
Hyper-V role detected

CPU: total 16 (initial active 16) (8 cores per cpu, 2 threads per core) family 6 model 154 stepping 3 microcode 0x432, cx8, cmov, fxsr, ht, mmx, 3dnowpref, sse, sse2, sse3, ssse3, sse4.1, sse4.2, popcnt, lzcnt, tsc, tscinvbit, avx, avx2, aes, erms, clmul, bmi1, bmi2, adx, sha, fma, vzeroupper, clflush, clflushopt, clwb, hv, serialize, rdtscp, rdpid, fsrm, f16c, cet_ibt, cet_ss
Processor Information for processor 0
  Max Mhz: 2500, Current Mhz: 2500, Mhz Limit: 2500
Processor Information for processor 1
  Max Mhz: 2500, Current Mhz: 2500, Mhz Limit: 2500
Processor Information for processor 2
  Max Mhz: 2500, Current Mhz: 2500, Mhz Limit: 2500
Processor Information for processor 3
  Max Mhz: 2500, Current Mhz: 2500, Mhz Limit: 2500
Processor Information for processor 4
  Max Mhz: 2500, Current Mhz: 2500, Mhz Limit: 2500
Processor Information for processor 5
  Max Mhz: 2500, Current Mhz: 2500, Mhz Limit: 2500
Processor Information for processor 6
  Max Mhz: 2500, Current Mhz: 2500, Mhz Limit: 2500
Processor Information for processor 7
  Max Mhz: 2500, Current Mhz: 2500, Mhz Limit: 2500
Processor Information for processor 8
  Max Mhz: 2500, Current Mhz: 1800, Mhz Limit: 1800
Processor Information for processor 9
  Max Mhz: 2500, Current Mhz: 1500, Mhz Limit: 1800
Processor Information for processor 10
  Max Mhz: 2500, Current Mhz: 1800, Mhz Limit: 1800
Processor Information for processor 11
  Max Mhz: 2500, Current Mhz: 1800, Mhz Limit: 1800
Processor Information for processor 12
  Max Mhz: 2500, Current Mhz: 1800, Mhz Limit: 1800
Processor Information for processor 13
  Max Mhz: 2500, Current Mhz: 1800, Mhz Limit: 1800
Processor Information for processor 14
  Max Mhz: 2500, Current Mhz: 1800, Mhz Limit: 1800
Processor Information for processor 15
  Max Mhz: 2500, Current Mhz: 1800, Mhz Limit: 1800

Memory: 4k page, system-wide physical 16004M (647M free)
TotalPageFile size 29516M (AvailPageFile size 9M)
current process WorkingSet (physical memory assigned to process): 71M, peak: 71M
current process commit charge ("private bytes"): 353M, peak: 354M

vm_info: OpenJDK 64-Bit Server VM (21.0.10+-14961533-b1163.108) for windows-amd64 JRE (21.0.10+-14961533-b1163.108), built on 2026-03-02T19:58:50Z by "builder" with MS VC++ 16.10 / 16.11 (VS2019)

END.
